decode gemma-4-e2b-emb4-g4dn n=16 rep=0: 4.056s
decode gemma-4-e2b-emb4-g4dn n=512 rep=0: 4.592s
decode gemma-4-e2b-emb4-g4dn n=16 rep=1: 0.15s
decode gemma-4-e2b-emb4-g4dn n=512 rep=1: 4.603s
decode gemma-4-e2b-emb4-g4dn n=16 rep=2: 0.15s
decode gemma-4-e2b-emb4-g4dn n=512 rep=2: 4.611s
decode gemma-4-e2b-emb4-g4dn n=16 rep=3: 0.151s
decode gemma-4-e2b-emb4-g4dn n=512 rep=3: 4.616s
decode gemma-4-e2b-emb4-g4dn n=16 rep=4: 0.15s
decode gemma-4-e2b-emb4-g4dn n=512 rep=4: 4.623s
load gemma-4-e2b-emb4-g4dn c=1 rep=0: 256 tok in 2.25s
load gemma-4-e2b-emb4-g4dn c=1 rep=1: 256 tok in 2.24s
load gemma-4-e2b-emb4-g4dn c=4 rep=0: 1024 tok in 2.59s
load gemma-4-e2b-emb4-g4dn c=4 rep=1: 1024 tok in 2.59s
load gemma-4-e2b-emb4-g4dn c=16 rep=0: 4096 tok in 4.07s
load gemma-4-e2b-emb4-g4dn c=16 rep=1: 4096 tok in 4.08s
quality mul-0
quality mul-1
quality mul-2
quality mul-3
quality mul-4
quality mul-5
quality mul-6
quality mul-7
quality mul-8
quality mul-9
quality mul-10
quality mul-11
quality mul-12
quality mul-13
quality mul-14
quality add-0
quality add-1
quality add-2
quality add-3
quality add-4
quality add-5
quality add-6
quality add-7
quality add-8
quality add-9
quality add-10
quality add-11
quality add-12
quality add-13
quality add-14
quality cap-Australia
quality cap-Canada
quality cap-Brazil
quality cap-Turkey
quality cap-Nigeria
quality cap-Switzerland
quality cap-Pakistan
quality cap-New Zealand
quality cap-Morocco
quality cap-Vietnam
wrote /opt/bench/measure-gemma-4-e2b-emb4-g4dn.json
{
  "load_facts": {
    "vllm_version": "0.30.0",
    "weights_gib": "2.86",
    "load_seconds": "21.123713",
    "kv_cache_tokens": "660,108",
    "max_concurrency_at_max_len": "80.58",
    "quantization": "compressed-tensors"
  },
  "decode_tokens_per_second": 111.2,
  "per_call_fixed_cost_seconds": 0.006,
  "load_tokens_per_second": {
    "1": 113.85,
    "4": 394.9,
    "16": 1005.1
  },
  "server_peak": {
    "lines": 10,
    "peak_tokens_per_second": 409.5
  },
  "quality": "36/40"
}
