WARNING: All log messages before absl::InitializeLog() is called are written to STDERR
I0000 00:00:1787858872.255031   10973 xplane_to_tools_data.cc:322] serving tool: tool_names with options: {} session_id: /tmp/jaxtrace/plugins/profile/2026_08_27_19_27_48
I0000 00:00:1787858872.282465   10973 xplane_hlo_fixer.cc:117] XProf HLO fixer triggered for metadata plane.
I0000 00:00:1787858872.361214   10973 xplane_hlo_fixer.cc:117] XProf HLO fixer triggered for metadata plane.
I0000 00:00:1787858872.362202   10973 xplane_to_tools_data.cc:392] serving tool: tool_names session_id: /tmp/jaxtrace/plugins/profile/2026_08_27_19_27_48 duration: 107.126258ms
I0000 00:00:1787858872.362434   10973 xplane_to_tools_data_with_profile_processor.cc:189] serving tool: kernel_stats with options: {use_saved_result:1:0;} using ProfileProcessor session_id: /tmp/jaxtrace/plugins/profile/2026_08_27_19_27_48
I0000 00:00:1787858872.362447   10973 xplane_to_tools_data_with_profile_processor.cc:235] Using local processing for tool: kernel_stats
I0000 00:00:1787858872.362453   10973 multi_xplanes_to_op_stats.cc:120] ConvertMultiXSpaceToCombinedOpStatsWithCache: Started
I0000 00:00:1787858872.362475   10973 multi_xplanes_to_op_stats.cc:138] ConvertMultiXSpaceToCombinedOpStatsWithCache: Cache miss, calling ConvertMultiXSpacesToCombinedOpStats
I0000 00:00:1787858872.362479   10973 multi_xplanes_to_op_stats.cc:46] ConvertMultiXSpacesToCombinedOpStats: Started. Number of XSpaces: 1
I0000 00:00:1787858872.362490   10973 multi_xplanes_to_op_stats.cc:56] ConvertMultiXSpacesToCombinedOpStats: Starting to process XSpace 0/1
I0000 00:00:1787858872.386503   10973 xplane_hlo_fixer.cc:117] XProf HLO fixer triggered for metadata plane.
I0000 00:00:1787858872.387300   10973 xplane_hlo_fixer.cc:117] XProf HLO fixer triggered for metadata plane.
I0000 00:00:1787858872.420508   10973 derived_timeline.cc:699] GenerateDerivedTimeLines: creating derived_timeline_trace_events XprofThreadPoolExecutor
I0000 00:00:1787858872.420543   10973 xprof_thread_pool_executor.cc:22] Creating derived_timeline_trace_events XprofThreadPoolExecutor with 1 threads.
I0000 00:00:1787858872.420654   10973 derived_timeline.cc:711] GenerateDerivedTimeLines: waiting for derived_timeline_trace_events threads to join
I0000 00:00:1787858872.428812   10973 derived_timeline.cc:715] GenerateDerivedTimeLines: derived_timeline_trace_events threads joined successfully
W0000 00:00:1787858872.605861   10973 derived_timeline.cc:596] Found derived XLine with clashing display ID: 1. This will cause rendering issues in Trace Viewer.
I0000 00:00:1787858872.606362   10973 derived_timeline.cc:764] GenerateDerivedTimeLines: creating ProcessTensorCorePlanes XprofThreadPoolExecutor
I0000 00:00:1787858872.606375   10973 xprof_thread_pool_executor.cc:22] Creating ProcessTensorCorePlanes XprofThreadPoolExecutor with 1 threads.
I0000 00:00:1787858872.606447   10973 derived_timeline.cc:775] GenerateDerivedTimeLines: waiting for ProcessTensorCorePlanes threads to join
I0000 00:00:1787858872.606505   10973 derived_timeline.cc:778] GenerateDerivedTimeLines: ProcessTensorCorePlanes threads joined successfully
I0000 00:00:1787858872.823386   10973 xplane_to_op_stats.cc:503] ConvertXSpaceToOpStats: creating op_stats_threads XprofThreadPoolExecutor
I0000 00:00:1787858872.823454   10973 xprof_thread_pool_executor.cc:22] Creating op_stats_threads XprofThreadPoolExecutor with 8 threads.
I0000 00:00:1787858872.824005   10973 xplane_to_op_stats.cc:559] ConvertXSpaceToOpStats: Scheduled 1 OpMetricsDb generation tasks.
W0000 00:00:1787858872.901107   10973 xplane_to_op_stats.cc:657] No CoreDetails found for TPU device plane: /device:GPU:0
I0000 00:00:1787858872.901327   10973 xplane_to_op_stats.cc:515] ConvertXSpaceToOpStats: Combining 1 op_metrics_dbs.
I0000 00:00:1787858872.901350   10973 xplane_to_op_stats.cc:520] ConvertXSpaceToOpStats: Finished combining op_metrics_dbs.
I0000 00:00:1787858872.935755   10973 xplane_to_op_stats.cc:785] ConvertXSpaceToOpStats: Final OpStats size: 13615 bytes (0.0129843 MiB).
I0000 00:00:1787858872.972004   10973 multi_xplanes_to_op_stats.cc:68] ConvertMultiXSpacesToCombinedOpStats: Finished processing XSpace 0.
I0000 00:00:1787858872.972379   10973 multi_xplanes_to_op_stats.cc:73] ConvertMultiXSpacesToCombinedOpStats: Finished extracting all 1 OpStats. Time: 609.918678ms
I0000 00:00:1787858872.972413   10973 multi_xplanes_to_op_stats.cc:86] ConvertMultiXSpacesToCombinedOpStats: Starting ComputeStepIntersectionToMergeOpStats.
I0000 00:00:1787858872.972420   10973 multi_xplanes_to_op_stats.cc:95] ConvertMultiXSpacesToCombinedOpStats: Finished ComputeStepIntersectionToMergeOpStats in 2.002us
I0000 00:00:1787858872.972423   10973 multi_xplanes_to_op_stats.cc:100] ConvertMultiXSpacesToCombinedOpStats: Starting CombineAllOpStats.
I0000 00:00:1787858872.972500   10973 multi_xplanes_to_op_stats.cc:107] ConvertMultiXSpacesToCombinedOpStats: Finished CombineAllOpStats in 74.602us
I0000 00:00:1787858872.972505   10973 multi_xplanes_to_op_stats.cc:110] ConvertMultiXSpacesToCombinedOpStats: Overall Finished in 610.026569ms
I0000 00:00:1787858872.972554   10973 multi_xplanes_to_op_stats.cc:142] ConvertMultiXSpaceToCombinedOpStatsWithCache: Starting to write cache file.
I0000 00:00:1787858872.972678   10973 multi_xplanes_to_op_stats.cc:149] ConvertMultiXSpaceToCombinedOpStatsWithCache: Finished writing cache file.
I0000 00:00:1787858872.972688   10973 multi_xplanes_to_op_stats.cc:153] ConvertMultiXSpaceToCombinedOpStatsWithCache: Overall Finished in 610.236163ms for device: Nvidia GPU (Turing)
I0000 00:00:1787858872.975216   10973 xplane_to_tools_data_with_profile_processor.cc:240] Total time for tool kernel_stats: 612.78029ms session_id: /tmp/jaxtrace/plugins/profile/2026_08_27_19_27_48
I0000 00:00:1787858872.975530   10973 xplane_to_tools_data_with_profile_processor.cc:189] serving tool: memory_profile with options: {use_saved_result:1:0;} using ProfileProcessor session_id: /tmp/jaxtrace/plugins/profile/2026_08_27_19_27_48
I0000 00:00:1787858872.975548   10973 xplane_to_tools_data_with_profile_processor.cc:235] Using local processing for tool: memory_profile
I0000 00:00:1787858872.975554   10973 memory_profile_processor.cc:47] Processing memory profile for host: ip-172-31-11-83
I0000 00:00:1787858872.999660   10973 xplane_hlo_fixer.cc:117] XProf HLO fixer triggered for metadata plane.
I0000 00:00:1787858873.000729   10973 xplane_hlo_fixer.cc:117] XProf HLO fixer triggered for metadata plane.
I0000 00:00:1787858873.038761   10973 xplane_to_tools_data_with_profile_processor.cc:240] Total time for tool memory_profile: 63.231867ms session_id: /tmp/jaxtrace/plugins/profile/2026_08_27_19_27_48
I0000 00:00:1787858873.039191   10973 xplane_to_tools_data_with_profile_processor.cc:189] serving tool: roofline_model with options: {use_saved_result:1:0;} using ProfileProcessor session_id: /tmp/jaxtrace/plugins/profile/2026_08_27_19_27_48
I0000 00:00:1787858873.039212   10973 xplane_to_tools_data_with_profile_processor.cc:235] Using local processing for tool: roofline_model
I0000 00:00:1787858873.039217   10973 multi_xplanes_to_op_stats.cc:120] ConvertMultiXSpaceToCombinedOpStatsWithCache: Started
I0000 00:00:1787858873.039234   10973 multi_xplanes_to_op_stats.cc:130] ConvertMultiXSpaceToCombinedOpStatsWithCache: Cache hit, reading binary proto
I0000 00:00:1787858873.039375   10973 multi_xplanes_to_op_stats.cc:135] ConvertMultiXSpaceToCombinedOpStatsWithCache: Finished reading cache file.
I0000 00:00:1787858873.039381   10973 multi_xplanes_to_op_stats.cc:153] ConvertMultiXSpaceToCombinedOpStatsWithCache: Overall Finished in 164.31us for device: Nvidia GPU (Turing)
I0000 00:00:1787858873.039775   10973 xplane_to_tools_data_with_profile_processor.cc:240] Total time for tool roofline_model: 568.869us session_id: /tmp/jaxtrace/plugins/profile/2026_08_27_19_27_48
xplane files: ['/tmp/jaxtrace/plugins/profile/2026_08_27_19_27_48/ip-172-31-11-83.xplane.pb']
tools: ['trace_viewer@', 'overview_page', 'input_pipeline_analyzer', 'framework_op_stats', 'memory_profile', 'op_profile', 'hlo_stats', 'roofline_model', 'kernel_stats', 'memory_viewer', 'graph_viewer']
wrote kernel_stats
wrote memory_profile
wrote roofline_model
