checking file tpu_inference/envs.py
checking file tpu_inference/layers/common/fused_moe_gmm.py
checking file tpu_inference/layers/common/linear.py
checking file tpu_inference/layers/common/process_weights/moe_weights.py
checking file tpu_inference/layers/jax/embed.py
checking file tpu_inference/layers/jax/quantization/wna16.py
Hunk #2 succeeded at 539 (offset -11 lines).
Hunk #3 succeeded at 555 (offset -11 lines).
Hunk #4 succeeded at 583 (offset -11 lines).
checking file tpu_inference/models/common/model_loader.py
patching file tpu_inference/envs.py
patching file tpu_inference/layers/common/fused_moe_gmm.py
patching file tpu_inference/layers/common/linear.py
patching file tpu_inference/layers/common/process_weights/moe_weights.py
patching file tpu_inference/layers/jax/embed.py
patching file tpu_inference/layers/jax/quantization/wna16.py
Hunk #2 succeeded at 539 (offset -11 lines).
Hunk #3 succeeded at 555 (offset -11 lines).
Hunk #4 succeeded at 583 (offset -11 lines).
patching file tpu_inference/models/common/model_loader.py
