blk.29.ffn_down.weight: 96.717543% exact
blk.29.ffn_gate.weight: 96.758954% exact
blk.29.ffn_up.weight: 96.787172% exact
blk.29.inp_gate.weight: 96.887970% exact
blk.29.proj.weight: 97.012583% exact
blk.30.attn_output.weight: 96.681309% exact
blk.30.attn_q.weight: 96.774801% exact
blk.30.ffn_down.weight: 96.687232% exact
blk.30.ffn_gate.weight: 96.700414% exact
blk.30.ffn_up.weight: 96.774091% exact
blk.30.inp_gate.weight: 96.706899% exact
blk.30.proj.weight: 97.255452% exact
blk.31.attn_output.weight: 96.669992% exact
blk.31.attn_q.weight: 96.795686% exact
blk.31.ffn_down.weight: 96.763685% exact
blk.31.ffn_gate.weight: 96.654675% exact
blk.31.ffn_up.weight: 96.694485% exact
blk.31.inp_gate.weight: 96.724701% exact
blk.31.proj.weight: 97.437286% exact
blk.32.attn_output.weight: 96.701082% exact
blk.32.attn_q.weight: 96.808529% exact
blk.32.ffn_down.weight: 96.759102% exact
blk.32.ffn_gate.weight: 96.698014% exact
blk.32.ffn_up.weight: 96.798886% exact
blk.32.inp_gate.weight: 96.832530% exact
blk.32.proj.weight: 97.532654% exact
blk.33.attn_output.weight: 96.735160% exact
blk.33.attn_q.weight: 96.810500% exact
blk.33.ffn_down.weight: 96.681298% exact
blk.33.ffn_gate.weight: 96.676842% exact
blk.33.ffn_up.weight: 96.746545% exact
blk.33.inp_gate.weight: 96.867116% exact
blk.33.proj.weight: 96.838633% exact
blk.34.attn_output.weight: 96.838808% exact
blk.34.attn_q.weight: 96.873140% exact
blk.34.ffn_down.weight: 96.762429% exact
blk.34.ffn_gate.weight: 96.701214% exact
blk.34.ffn_up.weight: 96.809647% exact
blk.34.inp_gate.weight: 96.996816% exact
blk.34.proj.weight: 96.883138% exact
