{"pass": 0, "config": "none", "prompt": "edit-code", "rep": 0, "wall_s": 7.856, "predicted_n": 495, "predicted_per_second": 77.68249528755024, "prompt_ms": 1493.982, "draft_n": null, "draft_n_accepted": null, "finish": "stop"}
{"pass": 0, "config": "none", "prompt": "edit-code", "rep": 1, "wall_s": 7.881, "predicted_n": 495, "predicted_per_second": 77.44317136998067, "prompt_ms": 1493.938, "draft_n": null, "draft_n_accepted": null, "finish": "stop"}
{"pass": 0, "config": "none", "prompt": "edit-code", "rep": 2, "wall_s": 7.904, "predicted_n": 495, "predicted_per_second": 77.18728291076681, "prompt_ms": 1500.408, "draft_n": null, "draft_n_accepted": null, "finish": "stop"}
{"pass": 0, "config": "none", "prompt": "edit-text", "rep": 0, "wall_s": 1.674, "predicted_n": 101, "predicted_per_second": 78.4022868379025, "prompt_ms": 395.525, "draft_n": null, "draft_n_accepted": null, "finish": "stop"}
{"pass": 0, "config": "none", "prompt": "edit-text", "rep": 1, "wall_s": 1.677, "predicted_n": 101, "predicted_per_second": 78.21146032528145, "prompt_ms": 395.424, "draft_n": null, "draft_n_accepted": null, "finish": "stop"}
{"pass": 0, "config": "none", "prompt": "edit-text", "rep": 2, "wall_s": 1.68, "predicted_n": 101, "predicted_per_second": 78.03495497773272, "prompt_ms": 396.064, "draft_n": null, "draft_n_accepted": null, "finish": "stop"}
{"pass": 0, "config": "none", "prompt": "open-explain", "rep": 0, "wall_s": 1.416, "predicted_n": 103, "predicted_per_second": 78.39351700985607, "prompt_ms": 110.901, "draft_n": null, "draft_n_accepted": null, "finish": "stop"}
{"pass": 0, "config": "none", "prompt": "open-explain", "rep": 1, "wall_s": 1.417, "predicted_n": 103, "predicted_per_second": 78.31076012876746, "prompt_ms": 111.017, "draft_n": null, "draft_n_accepted": null, "finish": "stop"}
{"pass": 0, "config": "none", "prompt": "open-explain", "rep": 2, "wall_s": 1.418, "predicted_n": 103, "predicted_per_second": 78.16529200484013, "prompt_ms": 111.21, "draft_n": null, "draft_n_accepted": null, "finish": "stop"}
{"pass": 0, "config": "none", "prompt": "open-story", "rep": 0, "wall_s": 3.208, "predicted_n": 242, "predicted_per_second": 78.39272151229645, "prompt_ms": 131.545, "draft_n": null, "draft_n_accepted": null, "finish": "stop"}
{"pass": 0, "config": "none", "prompt": "open-story", "rep": 1, "wall_s": 3.212, "predicted_n": 242, "predicted_per_second": 78.32283828966321, "prompt_ms": 130.845, "draft_n": null, "draft_n_accepted": null, "finish": "stop"}
{"pass": 0, "config": "none", "prompt": "open-story", "rep": 2, "wall_s": 3.204, "predicted_n": 242, "predicted_per_second": 78.50221679185219, "prompt_ms": 131.469, "draft_n": null, "draft_n_accepted": null, "finish": "stop"}
pass 0 none: gpu 39 -> 57 C
{"pass": 1, "config": "ngram-simple", "prompt": "edit-code", "rep": 0, "wall_s": 7.013, "predicted_n": 495, "predicted_per_second": 89.70762939780757, "prompt_ms": 1502.96, "draft_n": 576, "draft_n_accepted": 294, "finish": "stop"}
{"pass": 1, "config": "ngram-simple", "prompt": "edit-code", "rep": 1, "wall_s": 7.029, "predicted_n": 495, "predicted_per_second": 89.56877349707133, "prompt_ms": 1506.23, "draft_n": 576, "draft_n_accepted": 294, "finish": "stop"}
{"pass": 1, "config": "ngram-simple", "prompt": "edit-code", "rep": 2, "wall_s": 7.025, "predicted_n": 495, "predicted_per_second": 89.55880324057833, "prompt_ms": 1506.129, "draft_n": 576, "draft_n_accepted": 294, "finish": "stop"}
{"pass": 1, "config": "ngram-simple", "prompt": "edit-text", "rep": 0, "wall_s": 2.097, "predicted_n": 101, "predicted_per_second": 58.86965551832377, "prompt_ms": 395.241, "draft_n": 192, "draft_n_accepted": 38, "finish": "stop"}
{"pass": 1, "config": "ngram-simple", "prompt": "edit-text", "rep": 1, "wall_s": 2.089, "predicted_n": 101, "predicted_per_second": 59.13733996696588, "prompt_ms": 395.02, "draft_n": 192, "draft_n_accepted": 38, "finish": "stop"}
{"pass": 1, "config": "ngram-simple", "prompt": "edit-text", "rep": 2, "wall_s": 2.092, "predicted_n": 101, "predicted_per_second": 59.019404399778566, "prompt_ms": 394.603, "draft_n": 192, "draft_n_accepted": 38, "finish": "stop"}
{"pass": 1, "config": "ngram-simple", "prompt": "open-explain", "rep": 0, "wall_s": 1.421, "predicted_n": 103, "predicted_per_second": 78.01284458541144, "prompt_ms": 109.921, "draft_n": null, "draft_n_accepted": null, "finish": "stop"}
{"pass": 1, "config": "ngram-simple", "prompt": "open-explain", "rep": 1, "wall_s": 1.42, "predicted_n": 103, "predicted_per_second": 78.16265648815184, "prompt_ms": 111.053, "draft_n": null, "draft_n_accepted": null, "finish": "stop"}
{"pass": 1, "config": "ngram-simple", "prompt": "open-explain", "rep": 2, "wall_s": 1.421, "predicted_n": 103, "predicted_per_second": 77.98260529180786, "prompt_ms": 110.828, "draft_n": null, "draft_n_accepted": null, "finish": "stop"}
{"pass": 1, "config": "ngram-simple", "prompt": "open-story", "rep": 0, "wall_s": 3.226, "predicted_n": 242, "predicted_per_second": 77.93453434439108, "prompt_ms": 132.005, "draft_n": null, "draft_n_accepted": null, "finish": "stop"}
{"pass": 1, "config": "ngram-simple", "prompt": "open-story", "rep": 1, "wall_s": 3.226, "predicted_n": 242, "predicted_per_second": 77.98164098611505, "prompt_ms": 131.327, "draft_n": null, "draft_n_accepted": null, "finish": "stop"}
{"pass": 1, "config": "ngram-simple", "prompt": "open-story", "rep": 2, "wall_s": 3.23, "predicted_n": 242, "predicted_per_second": 77.83506136858584, "prompt_ms": 131.876, "draft_n": null, "draft_n_accepted": null, "finish": "stop"}
pass 1 ngram-simple: gpu 50 -> 56 C
{"pass": 2, "config": "ngram-map-k", "prompt": "edit-code", "rep": 0, "wall_s": 7.26, "predicted_n": 495, "predicted_per_second": 85.91541922637514, "prompt_ms": 1506.65, "draft_n": 528, "draft_n_accepted": 258, "finish": "stop"}
{"pass": 2, "config": "ngram-map-k", "prompt": "edit-code", "rep": 1, "wall_s": 6.134, "predicted_n": 495, "predicted_per_second": 106.98228317084225, "prompt_ms": 1507.816, "draft_n": 305, "draft_n_accepted": 258, "finish": "stop"}
{"pass": 2, "config": "ngram-map-k", "prompt": "edit-code", "rep": 2, "wall_s": 6.125, "predicted_n": 495, "predicted_per_second": 107.04037480598932, "prompt_ms": 1506.73, "draft_n": 305, "draft_n_accepted": 258, "finish": "stop"}
{"pass": 2, "config": "ngram-map-k", "prompt": "edit-text", "rep": 0, "wall_s": 1.686, "predicted_n": 101, "predicted_per_second": 77.82264685717132, "prompt_ms": 397.508, "draft_n": null, "draft_n_accepted": null, "finish": "stop"}
{"pass": 2, "config": "ngram-map-k", "prompt": "edit-text", "rep": 1, "wall_s": 1.684, "predicted_n": 101, "predicted_per_second": 77.86488262647593, "prompt_ms": 397.098, "draft_n": null, "draft_n_accepted": null, "finish": "stop"}
{"pass": 2, "config": "ngram-map-k", "prompt": "edit-text", "rep": 2, "wall_s": 1.687, "predicted_n": 101, "predicted_per_second": 77.70273420381118, "prompt_ms": 397.099, "draft_n": null, "draft_n_accepted": null, "finish": "stop"}
{"pass": 2, "config": "ngram-map-k", "prompt": "open-explain", "rep": 0, "wall_s": 1.428, "predicted_n": 103, "predicted_per_second": 77.70534589925273, "prompt_ms": 111.164, "draft_n": null, "draft_n_accepted": null, "finish": "stop"}
{"pass": 2, "config": "ngram-map-k", "prompt": "open-explain", "rep": 1, "wall_s": 1.424, "predicted_n": 103, "predicted_per_second": 77.91939925671004, "prompt_ms": 111.486, "draft_n": null, "draft_n_accepted": null, "finish": "stop"}
{"pass": 2, "config": "ngram-map-k", "prompt": "open-explain", "rep": 2, "wall_s": 1.428, "predicted_n": 103, "predicted_per_second": 77.59462740885675, "prompt_ms": 111.339, "draft_n": null, "draft_n_accepted": null, "finish": "stop"}
{"pass": 2, "config": "ngram-map-k", "prompt": "open-story", "rep": 0, "wall_s": 3.232, "predicted_n": 242, "predicted_per_second": 77.80169220294684, "prompt_ms": 131.959, "draft_n": null, "draft_n_accepted": null, "finish": "stop"}
{"pass": 2, "config": "ngram-map-k", "prompt": "open-story", "rep": 1, "wall_s": 3.235, "predicted_n": 242, "predicted_per_second": 77.80284758422158, "prompt_ms": 132.734, "draft_n": null, "draft_n_accepted": null, "finish": "stop"}
{"pass": 2, "config": "ngram-map-k", "prompt": "open-story", "rep": 2, "wall_s": 3.234, "predicted_n": 242, "predicted_per_second": 77.75440127013911, "prompt_ms": 132.039, "draft_n": null, "draft_n_accepted": null, "finish": "stop"}
pass 2 ngram-map-k: gpu 49 -> 56 C
{"pass": 3, "config": "ngram-mod", "prompt": "edit-code", "rep": 0, "wall_s": 7.945, "predicted_n": 495, "predicted_per_second": 76.84712726304289, "prompt_ms": 1513.31, "draft_n": 576, "draft_n_accepted": 210, "finish": "stop"}
{"pass": 3, "config": "ngram-mod", "prompt": "edit-code", "rep": 1, "wall_s": 4.748, "predicted_n": 495, "predicted_per_second": 152.85831117558251, "prompt_ms": 1507.632, "draft_n": 640, "draft_n_accepted": 482, "finish": "stop"}
{"pass": 3, "config": "ngram-mod", "prompt": "edit-code", "rep": 2, "wall_s": 4.737, "predicted_n": 495, "predicted_per_second": 153.04845253763008, "prompt_ms": 1506.124, "draft_n": 640, "draft_n_accepted": 482, "finish": "stop"}
{"pass": 3, "config": "ngram-mod", "prompt": "edit-text", "rep": 0, "wall_s": 1.911, "predicted_n": 101, "predicted_per_second": 66.15235416382762, "prompt_ms": 395.797, "draft_n": 128, "draft_n_accepted": 26, "finish": "stop"}
{"pass": 3, "config": "ngram-mod", "prompt": "edit-text", "rep": 1, "wall_s": 1.339, "predicted_n": 101, "predicted_per_second": 106.41830054230765, "prompt_ms": 396.851, "draft_n": 128, "draft_n_accepted": 71, "finish": "stop"}
{"pass": 3, "config": "ngram-mod", "prompt": "edit-text", "rep": 2, "wall_s": 1.281, "predicted_n": 101, "predicted_per_second": 113.48277501699404, "prompt_ms": 396.634, "draft_n": 64, "draft_n_accepted": 54, "finish": "stop"}
{"pass": 3, "config": "ngram-mod", "prompt": "open-explain", "rep": 0, "wall_s": 1.415, "predicted_n": 103, "predicted_per_second": 78.44657326909943, "prompt_ms": 110.646, "draft_n": null, "draft_n_accepted": null, "finish": "stop"}
{"pass": 3, "config": "ngram-mod", "prompt": "open-explain", "rep": 1, "wall_s": 1.121, "predicted_n": 102, "predicted_per_second": 100.32292060881113, "prompt_ms": 110.959, "draft_n": 64, "draft_n_accepted": 45, "finish": "stop"}
{"pass": 3, "config": "ngram-mod", "prompt": "open-explain", "rep": 2, "wall_s": 1.074, "predicted_n": 106, "predicted_per_second": 109.36918976179389, "prompt_ms": 111.336, "draft_n": 64, "draft_n_accepted": 53, "finish": "stop"}
{"pass": 3, "config": "ngram-mod", "prompt": "open-story", "rep": 0, "wall_s": 3.238, "predicted_n": 242, "predicted_per_second": 77.66910190991867, "prompt_ms": 131.548, "draft_n": null, "draft_n_accepted": null, "finish": "stop"}
{"pass": 3, "config": "ngram-mod", "prompt": "open-story", "rep": 1, "wall_s": 3.815, "predicted_n": 305, "predicted_per_second": 82.61953946672894, "prompt_ms": 131.197, "draft_n": 192, "draft_n_accepted": 83, "finish": "stop"}
{"pass": 3, "config": "ngram-mod", "prompt": "open-story", "rep": 2, "wall_s": 3.641, "predicted_n": 312, "predicted_per_second": 88.71886816404718, "prompt_ms": 131.222, "draft_n": 256, "draft_n_accepted": 128, "finish": "stop"}
pass 3 ngram-mod: gpu 50 -> 56 C
{"pass": 4, "config": "ngram-cache", "prompt": "edit-code", "rep": 0, "wall_s": 7.275, "predicted_n": 495, "predicted_per_second": 85.69105149511805, "prompt_ms": 1506.33, "draft_n": 524, "draft_n_accepted": 331, "finish": "stop"}
{"pass": 4, "config": "ngram-cache", "prompt": "edit-code", "rep": 1, "wall_s": 7.029, "predicted_n": 495, "predicted_per_second": 89.58511392814584, "prompt_ms": 1506.986, "draft_n": 506, "draft_n_accepted": 333, "finish": "stop"}
{"pass": 4, "config": "ngram-cache", "prompt": "edit-code", "rep": 2, "wall_s": 7.054, "predicted_n": 495, "predicted_per_second": 89.10344260349436, "prompt_ms": 1506.331, "draft_n": 506, "draft_n_accepted": 333, "finish": "stop"}
{"pass": 4, "config": "ngram-cache", "prompt": "edit-text", "rep": 0, "wall_s": 1.816, "predicted_n": 101, "predicted_per_second": 70.53539183820874, "prompt_ms": 395.784, "draft_n": 21, "draft_n_accepted": 0, "finish": "stop"}
{"pass": 4, "config": "ngram-cache", "prompt": "edit-text", "rep": 1, "wall_s": 1.817, "predicted_n": 101, "predicted_per_second": 70.52335380861372, "prompt_ms": 396.225, "draft_n": 21, "draft_n_accepted": 0, "finish": "stop"}
{"pass": 4, "config": "ngram-cache", "prompt": "edit-text", "rep": 2, "wall_s": 1.819, "predicted_n": 101, "predicted_per_second": 70.4536439681465, "prompt_ms": 396.841, "draft_n": 21, "draft_n_accepted": 0, "finish": "stop"}
{"pass": 4, "config": "ngram-cache", "prompt": "open-explain", "rep": 0, "wall_s": 1.706, "predicted_n": 102, "predicted_per_second": 63.46573164677864, "prompt_ms": 110.902, "draft_n": 50, "draft_n_accepted": 0, "finish": "stop"}
{"pass": 4, "config": "ngram-cache", "prompt": "open-explain", "rep": 1, "wall_s": 1.714, "predicted_n": 102, "predicted_per_second": 63.14362737007417, "prompt_ms": 110.974, "draft_n": 50, "draft_n_accepted": 0, "finish": "stop"}
{"pass": 4, "config": "ngram-cache", "prompt": "open-explain", "rep": 2, "wall_s": 1.713, "predicted_n": 102, "predicted_per_second": 63.16787519528881, "prompt_ms": 111.716, "draft_n": 50, "draft_n_accepted": 0, "finish": "stop"}
{"pass": 4, "config": "ngram-cache", "prompt": "open-story", "rep": 0, "wall_s": 4.172, "predicted_n": 294, "predicted_per_second": 72.56592106214714, "prompt_ms": 132.066, "draft_n": 40, "draft_n_accepted": 0, "finish": "stop"}
{"pass": 4, "config": "ngram-cache", "prompt": "open-story", "rep": 1, "wall_s": 4.174, "predicted_n": 294, "predicted_per_second": 72.5801397452561, "prompt_ms": 132.376, "draft_n": 40, "draft_n_accepted": 0, "finish": "stop"}
{"pass": 4, "config": "ngram-cache", "prompt": "open-story", "rep": 2, "wall_s": 4.16, "predicted_n": 294, "predicted_per_second": 72.7731539090112, "prompt_ms": 131.937, "draft_n": 40, "draft_n_accepted": 0, "finish": "stop"}
pass 4 ngram-cache: gpu 50 -> 57 C
{"pass": 5, "config": "ngram-cache", "prompt": "edit-code", "rep": 0, "wall_s": 7.253, "predicted_n": 495, "predicted_per_second": 85.9532097869039, "prompt_ms": 1502.014, "draft_n": 524, "draft_n_accepted": 331, "finish": "stop"}
{"pass": 5, "config": "ngram-cache", "prompt": "edit-code", "rep": 1, "wall_s": 7.047, "predicted_n": 495, "predicted_per_second": 89.27853366333859, "prompt_ms": 1505.748, "draft_n": 506, "draft_n_accepted": 333, "finish": "stop"}
{"pass": 5, "config": "ngram-cache", "prompt": "edit-code", "rep": 2, "wall_s": 7.054, "predicted_n": 495, "predicted_per_second": 89.11874549670712, "prompt_ms": 1507.817, "draft_n": 506, "draft_n_accepted": 333, "finish": "stop"}
{"pass": 5, "config": "ngram-cache", "prompt": "edit-text", "rep": 0, "wall_s": 1.82, "predicted_n": 101, "predicted_per_second": 70.3447596671286, "prompt_ms": 395.915, "draft_n": 21, "draft_n_accepted": 0, "finish": "stop"}
{"pass": 5, "config": "ngram-cache", "prompt": "edit-text", "rep": 1, "wall_s": 1.823, "predicted_n": 101, "predicted_per_second": 70.17863972742616, "prompt_ms": 395.758, "draft_n": 21, "draft_n_accepted": 0, "finish": "stop"}
{"pass": 5, "config": "ngram-cache", "prompt": "edit-text", "rep": 2, "wall_s": 1.819, "predicted_n": 101, "predicted_per_second": 70.40126609636947, "prompt_ms": 395.628, "draft_n": 21, "draft_n_accepted": 0, "finish": "stop"}
{"pass": 5, "config": "ngram-cache", "prompt": "open-explain", "rep": 0, "wall_s": 1.716, "predicted_n": 102, "predicted_per_second": 63.13044500088132, "prompt_ms": 111.361, "draft_n": 50, "draft_n_accepted": 0, "finish": "stop"}
{"pass": 5, "config": "ngram-cache", "prompt": "open-explain", "rep": 1, "wall_s": 1.713, "predicted_n": 102, "predicted_per_second": 63.19858685456879, "prompt_ms": 112.228, "draft_n": 50, "draft_n_accepted": 0, "finish": "stop"}
{"pass": 5, "config": "ngram-cache", "prompt": "open-explain", "rep": 2, "wall_s": 1.719, "predicted_n": 102, "predicted_per_second": 62.929642790163285, "prompt_ms": 111.617, "draft_n": 50, "draft_n_accepted": 0, "finish": "stop"}
{"pass": 5, "config": "ngram-cache", "prompt": "open-story", "rep": 0, "wall_s": 4.177, "predicted_n": 294, "predicted_per_second": 72.48479612847076, "prompt_ms": 132.301, "draft_n": 40, "draft_n_accepted": 0, "finish": "stop"}
{"pass": 5, "config": "ngram-cache", "prompt": "open-story", "rep": 1, "wall_s": 4.179, "predicted_n": 294, "predicted_per_second": 72.49322509987611, "prompt_ms": 132.494, "draft_n": 40, "draft_n_accepted": 0, "finish": "stop"}
{"pass": 5, "config": "ngram-cache", "prompt": "open-story", "rep": 2, "wall_s": 4.185, "predicted_n": 294, "predicted_per_second": 72.3500200135465, "prompt_ms": 132.465, "draft_n": 40, "draft_n_accepted": 0, "finish": "stop"}
pass 5 ngram-cache: gpu 49 -> 58 C
{"pass": 6, "config": "ngram-mod", "prompt": "edit-code", "rep": 0, "wall_s": 7.947, "predicted_n": 495, "predicted_per_second": 76.77652963247667, "prompt_ms": 1509.107, "draft_n": 576, "draft_n_accepted": 210, "finish": "stop"}
{"pass": 6, "config": "ngram-mod", "prompt": "edit-code", "rep": 1, "wall_s": 4.756, "predicted_n": 495, "predicted_per_second": 152.4104765850921, "prompt_ms": 1507.206, "draft_n": 640, "draft_n_accepted": 482, "finish": "stop"}
{"pass": 6, "config": "ngram-mod", "prompt": "edit-code", "rep": 2, "wall_s": 4.74, "predicted_n": 495, "predicted_per_second": 153.01081297060892, "prompt_ms": 1508.063, "draft_n": 640, "draft_n_accepted": 482, "finish": "stop"}
{"pass": 6, "config": "ngram-mod", "prompt": "edit-text", "rep": 0, "wall_s": 1.922, "predicted_n": 101, "predicted_per_second": 65.6083600796748, "prompt_ms": 395.529, "draft_n": 128, "draft_n_accepted": 26, "finish": "stop"}
{"pass": 6, "config": "ngram-mod", "prompt": "edit-text", "rep": 1, "wall_s": 1.35, "predicted_n": 101, "predicted_per_second": 105.13014060105004, "prompt_ms": 396.504, "draft_n": 128, "draft_n_accepted": 71, "finish": "stop"}
{"pass": 6, "config": "ngram-mod", "prompt": "edit-text", "rep": 2, "wall_s": 1.286, "predicted_n": 101, "predicted_per_second": 112.81232091044056, "prompt_ms": 396.752, "draft_n": 64, "draft_n_accepted": 54, "finish": "stop"}
{"pass": 6, "config": "ngram-mod", "prompt": "open-explain", "rep": 0, "wall_s": 1.426, "predicted_n": 103, "predicted_per_second": 77.83324456273742, "prompt_ms": 111.778, "draft_n": null, "draft_n_accepted": null, "finish": "stop"}
{"pass": 6, "config": "ngram-mod", "prompt": "open-explain", "rep": 1, "wall_s": 1.12, "predicted_n": 102, "predicted_per_second": 100.38793476175756, "prompt_ms": 110.985, "draft_n": 64, "draft_n_accepted": 45, "finish": "stop"}
{"pass": 6, "config": "ngram-mod", "prompt": "open-explain", "rep": 2, "wall_s": 1.073, "predicted_n": 106, "predicted_per_second": 109.45720692311623, "prompt_ms": 111.246, "draft_n": 64, "draft_n_accepted": 53, "finish": "stop"}
{"pass": 6, "config": "ngram-mod", "prompt": "open-story", "rep": 0, "wall_s": 3.241, "predicted_n": 242, "predicted_per_second": 77.6036507848595, "prompt_ms": 131.997, "draft_n": null, "draft_n_accepted": null, "finish": "stop"}
{"pass": 6, "config": "ngram-mod", "prompt": "open-story", "rep": 1, "wall_s": 3.827, "predicted_n": 305, "predicted_per_second": 82.36368606755936, "prompt_ms": 131.825, "draft_n": 192, "draft_n_accepted": 83, "finish": "stop"}
{"pass": 6, "config": "ngram-mod", "prompt": "open-story", "rep": 2, "wall_s": 3.639, "predicted_n": 312, "predicted_per_second": 88.77524135590338, "prompt_ms": 131.182, "draft_n": 256, "draft_n_accepted": 128, "finish": "stop"}
pass 6 ngram-mod: gpu 50 -> 57 C
{"pass": 7, "config": "ngram-map-k", "prompt": "edit-code", "rep": 0, "wall_s": 7.25, "predicted_n": 495, "predicted_per_second": 85.99883292272082, "prompt_ms": 1502.72, "draft_n": 528, "draft_n_accepted": 258, "finish": "stop"}
{"pass": 7, "config": "ngram-map-k", "prompt": "edit-code", "rep": 1, "wall_s": 6.136, "predicted_n": 495, "predicted_per_second": 106.90583565197086, "prompt_ms": 1506.673, "draft_n": 305, "draft_n_accepted": 258, "finish": "stop"}
{"pass": 7, "config": "ngram-map-k", "prompt": "edit-code", "rep": 2, "wall_s": 6.142, "predicted_n": 495, "predicted_per_second": 106.644905924729, "prompt_ms": 1506.683, "draft_n": 305, "draft_n_accepted": 258, "finish": "stop"}
{"pass": 7, "config": "ngram-map-k", "prompt": "edit-text", "rep": 0, "wall_s": 1.682, "predicted_n": 101, "predicted_per_second": 77.96577926016712, "prompt_ms": 396.326, "draft_n": null, "draft_n_accepted": null, "finish": "stop"}
{"pass": 7, "config": "ngram-map-k", "prompt": "edit-text", "rep": 1, "wall_s": 1.682, "predicted_n": 101, "predicted_per_second": 77.93266461911578, "prompt_ms": 396.567, "draft_n": null, "draft_n_accepted": null, "finish": "stop"}
{"pass": 7, "config": "ngram-map-k", "prompt": "edit-text", "rep": 2, "wall_s": 1.68, "predicted_n": 101, "predicted_per_second": 78.01760389214223, "prompt_ms": 396.021, "draft_n": null, "draft_n_accepted": null, "finish": "stop"}
{"pass": 7, "config": "ngram-map-k", "prompt": "open-explain", "rep": 0, "wall_s": 1.426, "predicted_n": 103, "predicted_per_second": 77.83490758249357, "prompt_ms": 111.358, "draft_n": null, "draft_n_accepted": null, "finish": "stop"}
{"pass": 7, "config": "ngram-map-k", "prompt": "open-explain", "rep": 1, "wall_s": 1.421, "predicted_n": 103, "predicted_per_second": 78.01463462763692, "prompt_ms": 110.867, "draft_n": null, "draft_n_accepted": null, "finish": "stop"}
{"pass": 7, "config": "ngram-map-k", "prompt": "open-explain", "rep": 2, "wall_s": 1.422, "predicted_n": 103, "predicted_per_second": 77.93964262381516, "prompt_ms": 111.462, "draft_n": null, "draft_n_accepted": null, "finish": "stop"}
{"pass": 7, "config": "ngram-map-k", "prompt": "open-story", "rep": 0, "wall_s": 3.225, "predicted_n": 242, "predicted_per_second": 77.96191382588226, "prompt_ms": 131.577, "draft_n": null, "draft_n_accepted": null, "finish": "stop"}
{"pass": 7, "config": "ngram-map-k", "prompt": "open-story", "rep": 1, "wall_s": 3.234, "predicted_n": 242, "predicted_per_second": 77.84325727196529, "prompt_ms": 133.366, "draft_n": null, "draft_n_accepted": null, "finish": "stop"}
{"pass": 7, "config": "ngram-map-k", "prompt": "open-story", "rep": 2, "wall_s": 3.229, "predicted_n": 242, "predicted_per_second": 77.88506813973939, "prompt_ms": 132.116, "draft_n": null, "draft_n_accepted": null, "finish": "stop"}
pass 7 ngram-map-k: gpu 49 -> 57 C
{"pass": 8, "config": "ngram-simple", "prompt": "edit-code", "rep": 0, "wall_s": 7.038, "predicted_n": 495, "predicted_per_second": 89.43037917394571, "prompt_ms": 1510.417, "draft_n": 576, "draft_n_accepted": 294, "finish": "stop"}
{"pass": 8, "config": "ngram-simple", "prompt": "edit-code", "rep": 1, "wall_s": 7.031, "predicted_n": 495, "predicted_per_second": 89.53937249212724, "prompt_ms": 1505.484, "draft_n": 576, "draft_n_accepted": 294, "finish": "stop"}
{"pass": 8, "config": "ngram-simple", "prompt": "edit-code", "rep": 2, "wall_s": 7.04, "predicted_n": 495, "predicted_per_second": 89.30818337754148, "prompt_ms": 1505.396, "draft_n": 576, "draft_n_accepted": 294, "finish": "stop"}
{"pass": 8, "config": "ngram-simple", "prompt": "edit-text", "rep": 0, "wall_s": 2.096, "predicted_n": 101, "predicted_per_second": 58.903777145805705, "prompt_ms": 395.18, "draft_n": 192, "draft_n_accepted": 38, "finish": "stop"}
{"pass": 8, "config": "ngram-simple", "prompt": "edit-text", "rep": 1, "wall_s": 2.099, "predicted_n": 101, "predicted_per_second": 58.7691506623577, "prompt_ms": 394.369, "draft_n": 192, "draft_n_accepted": 38, "finish": "stop"}
{"pass": 8, "config": "ngram-simple", "prompt": "edit-text", "rep": 2, "wall_s": 2.095, "predicted_n": 101, "predicted_per_second": 58.91581930989545, "prompt_ms": 394.401, "draft_n": 192, "draft_n_accepted": 38, "finish": "stop"}
{"pass": 8, "config": "ngram-simple", "prompt": "open-explain", "rep": 0, "wall_s": 1.427, "predicted_n": 103, "predicted_per_second": 77.64814428547722, "prompt_ms": 109.778, "draft_n": null, "draft_n_accepted": null, "finish": "stop"}
{"pass": 8, "config": "ngram-simple", "prompt": "open-explain", "rep": 1, "wall_s": 1.423, "predicted_n": 103, "predicted_per_second": 77.97658409048341, "prompt_ms": 110.844, "draft_n": null, "draft_n_accepted": null, "finish": "stop"}
{"pass": 8, "config": "ngram-simple", "prompt": "open-explain", "rep": 2, "wall_s": 1.426, "predicted_n": 103, "predicted_per_second": 77.7343633898584, "prompt_ms": 111.362, "draft_n": null, "draft_n_accepted": null, "finish": "stop"}
{"pass": 8, "config": "ngram-simple", "prompt": "open-story", "rep": 0, "wall_s": 3.237, "predicted_n": 242, "predicted_per_second": 77.67791384842494, "prompt_ms": 131.901, "draft_n": null, "draft_n_accepted": null, "finish": "stop"}
{"pass": 8, "config": "ngram-simple", "prompt": "open-story", "rep": 1, "wall_s": 3.23, "predicted_n": 242, "predicted_per_second": 77.8755548633284, "prompt_ms": 131.322, "draft_n": null, "draft_n_accepted": null, "finish": "stop"}
{"pass": 8, "config": "ngram-simple", "prompt": "open-story", "rep": 2, "wall_s": 3.234, "predicted_n": 242, "predicted_per_second": 77.76890373274603, "prompt_ms": 132.467, "draft_n": null, "draft_n_accepted": null, "finish": "stop"}
pass 8 ngram-simple: gpu 50 -> 57 C
{"pass": 9, "config": "none", "prompt": "edit-code", "rep": 0, "wall_s": 7.944, "predicted_n": 495, "predicted_per_second": 76.87417766805139, "prompt_ms": 1514.998, "draft_n": null, "draft_n_accepted": null, "finish": "stop"}
{"pass": 9, "config": "none", "prompt": "edit-code", "rep": 1, "wall_s": 7.926, "predicted_n": 495, "predicted_per_second": 77.02125443612802, "prompt_ms": 1504.507, "draft_n": null, "draft_n_accepted": null, "finish": "stop"}
{"pass": 9, "config": "none", "prompt": "edit-code", "rep": 2, "wall_s": 7.923, "predicted_n": 495, "predicted_per_second": 76.99969293644719, "prompt_ms": 1504.565, "draft_n": null, "draft_n_accepted": null, "finish": "stop"}
{"pass": 9, "config": "none", "prompt": "edit-text", "rep": 0, "wall_s": 1.678, "predicted_n": 101, "predicted_per_second": 78.20821843242575, "prompt_ms": 396.176, "draft_n": null, "draft_n_accepted": null, "finish": "stop"}
{"pass": 9, "config": "none", "prompt": "edit-text", "rep": 1, "wall_s": 1.677, "predicted_n": 101, "predicted_per_second": 78.19329695781158, "prompt_ms": 395.148, "draft_n": null, "draft_n_accepted": null, "finish": "stop"}
{"pass": 9, "config": "none", "prompt": "edit-text", "rep": 2, "wall_s": 1.679, "predicted_n": 101, "predicted_per_second": 78.07571470509241, "prompt_ms": 395.656, "draft_n": null, "draft_n_accepted": null, "finish": "stop"}
{"pass": 9, "config": "none", "prompt": "open-explain", "rep": 0, "wall_s": 1.419, "predicted_n": 103, "predicted_per_second": 78.21684008567044, "prompt_ms": 111.339, "draft_n": null, "draft_n_accepted": null, "finish": "stop"}
{"pass": 9, "config": "none", "prompt": "open-explain", "rep": 1, "wall_s": 1.426, "predicted_n": 103, "predicted_per_second": 77.83716465154895, "prompt_ms": 112.146, "draft_n": null, "draft_n_accepted": null, "finish": "stop"}
{"pass": 9, "config": "none", "prompt": "open-explain", "rep": 2, "wall_s": 1.417, "predicted_n": 103, "predicted_per_second": 78.27674513015045, "prompt_ms": 111.545, "draft_n": null, "draft_n_accepted": null, "finish": "stop"}
{"pass": 9, "config": "none", "prompt": "open-story", "rep": 0, "wall_s": 3.219, "predicted_n": 242, "predicted_per_second": 78.11859310034545, "prompt_ms": 132.113, "draft_n": null, "draft_n_accepted": null, "finish": "stop"}
{"pass": 9, "config": "none", "prompt": "open-story", "rep": 1, "wall_s": 3.222, "predicted_n": 242, "predicted_per_second": 78.08988891470284, "prompt_ms": 131.412, "draft_n": null, "draft_n_accepted": null, "finish": "stop"}
{"pass": 9, "config": "none", "prompt": "open-story", "rep": 2, "wall_s": 3.215, "predicted_n": 242, "predicted_per_second": 78.22910090093306, "prompt_ms": 132.172, "draft_n": null, "draft_n_accepted": null, "finish": "stop"}
pass 9 none: gpu 49 -> 57 C
