Traffic request rate: inf
Burstiness factor: 1.0 (Poisson process)
Maximum request concurrency: 8

  0%|          | 0/32 [00:00<?, ?it/s]
  3%|▎         | 1/32 [00:04<02:17,  4.43s/it]
 28%|██▊       | 9/32 [00:08<00:20,  1.15it/s]
 53%|█████▎    | 17/32 [00:13<00:10,  1.44it/s]
 78%|███████▊  | 25/32 [00:17<00:04,  1.58it/s]
100%|██████████| 32/32 [00:17<00:00,  1.79it/s]
tip: install termplotlib and gnuplot to plot the metrics
============ Serving Benchmark Result ============
Successful requests:                     32        
Failed requests:                         0         
Maximum request concurrency:             8         
Benchmark duration (s):                  17.85     
Total input tokens:                      32768     
Total generated tokens:                  16384     
Request throughput (req/s):              1.79      
Output token throughput (tok/s):         918.01    
Peak output token throughput (tok/s):    992.00    
Peak concurrent requests:                16.00     
Total token throughput (tok/s):          2754.04   
---------------Time to First Token----------------
Mean TTFT (ms):                          284.85    
Median TTFT (ms):                        313.62    
P99 TTFT (ms):                           321.09    
-----Time per Output Token (excl. 1st token)------
Mean TPOT (ms):                          8.17      
Median TPOT (ms):                        8.12      
P99 TPOT (ms):                           8.62      
---------------Inter-token Latency----------------
Mean ITL (ms):                           8.17      
Median ITL (ms):                         8.06      
P99 ITL (ms):                            8.86      
==================================================
