Traffic request rate: inf
Burstiness factor: 1.0 (Poisson process)
Maximum request concurrency: 64

  0%|          | 0/256 [00:00<?, ?it/s]
  0%|          | 1/256 [00:11<50:20, 11.84s/it]
  7%|▋         | 18/256 [00:11<01:53,  2.10it/s]
 20%|█▉        | 50/256 [00:12<00:28,  7.12it/s]
 25%|██▌       | 65/256 [00:23<01:05,  2.91it/s]
 29%|██▉       | 75/256 [00:23<00:48,  3.77it/s]
 41%|████▏     | 106/256 [00:24<00:20,  7.40it/s]
 48%|████▊     | 122/256 [00:24<00:14,  9.30it/s]
 50%|█████     | 129/256 [00:35<00:40,  3.14it/s]
 54%|█████▍    | 139/256 [00:35<00:29,  4.02it/s]
 66%|██████▌   | 169/256 [00:36<00:11,  7.64it/s]
 72%|███████▏  | 185/256 [00:36<00:07,  9.63it/s]
 75%|███████▌  | 193/256 [00:47<00:19,  3.20it/s]
 91%|█████████ | 232/256 [00:47<00:03,  6.78it/s]
100%|██████████| 256/256 [00:47<00:00,  5.36it/s]
tip: install termplotlib and gnuplot to plot the metrics
============ Serving Benchmark Result ============
Successful requests:                     256       
Failed requests:                         0         
Maximum request concurrency:             64        
Benchmark duration (s):                  47.79     
Total input tokens:                      262144    
Total generated tokens:                  131072    
Request throughput (req/s):              5.36      
Output token throughput (tok/s):         2742.79   
Peak output token throughput (tok/s):    3456.00   
Peak concurrent requests:                105.00    
Total token throughput (tok/s):          8228.37   
---------------Time to First Token----------------
Mean TTFT (ms):                          1296.19   
Median TTFT (ms):                        1412.93   
P99 TTFT (ms):                           2329.27   
-----Time per Output Token (excl. 1st token)------
Mean TPOT (ms):                          20.83     
Median TPOT (ms):                        20.63     
P99 TPOT (ms):                           23.12     
---------------Inter-token Latency----------------
Mean ITL (ms):                           20.83     
Median ITL (ms):                         18.92     
P99 ITL (ms):                            20.52     
==================================================
