Traffic request rate: inf
Burstiness factor: 1.0 (Poisson process)
Maximum request concurrency: 64

  0%|          | 0/256 [00:00<?, ?it/s]
  0%|          | 1/256 [00:11<50:03, 11.78s/it]
  1%|          | 2/256 [00:11<20:54,  4.94s/it]
 13%|█▎        | 33/256 [00:12<00:41,  5.36it/s]
 19%|█▉        | 49/256 [00:12<00:24,  8.55it/s]
 25%|██▌       | 65/256 [00:23<01:04,  2.96it/s]
 26%|██▌       | 66/256 [00:23<01:03,  3.01it/s]
 36%|███▌      | 91/256 [00:24<00:25,  6.36it/s]
 42%|████▏     | 107/256 [00:24<00:16,  8.94it/s]
 48%|████▊     | 123/256 [00:24<00:11, 11.50it/s]
 51%|█████     | 131/256 [00:35<00:40,  3.07it/s]
 61%|██████    | 155/256 [00:35<00:18,  5.45it/s]
 66%|██████▋   | 170/256 [00:36<00:11,  7.29it/s]
 73%|███████▎  | 186/256 [00:36<00:07,  9.42it/s]
 75%|███████▌  | 192/256 [00:50<00:06,  9.42it/s]
 75%|███████▌  | 193/256 [00:53<00:30,  2.09it/s]
 76%|███████▌  | 194/256 [00:54<00:29,  2.12it/s]
 86%|████████▌ | 219/256 [00:54<00:08,  4.44it/s]
100%|██████████| 256/256 [00:54<00:00,  4.71it/s]
tip: install termplotlib and gnuplot to plot the metrics
============ Serving Benchmark Result ============
Successful requests:                     256       
Failed requests:                         0         
Maximum request concurrency:             64        
Benchmark duration (s):                  54.40     
Total input tokens:                      262144    
Total generated tokens:                  131072    
Request throughput (req/s):              4.71      
Output token throughput (tok/s):         2409.24   
Peak output token throughput (tok/s):    3456.00   
Peak concurrent requests:                105.00    
Total token throughput (tok/s):          7227.73   
---------------Time to First Token----------------
Mean TTFT (ms):                          1285.33   
Median TTFT (ms):                        1388.14   
P99 TTFT (ms):                           2359.65   
-----Time per Output Token (excl. 1st token)------
Mean TPOT (ms):                          24.05     
Median TPOT (ms):                        21.52     
P99 TPOT (ms):                           35.36     
---------------Inter-token Latency----------------
Mean ITL (ms):                           24.05     
Median ITL (ms):                         18.96     
P99 ITL (ms):                            47.09     
==================================================
