health: {}
decode-source: auto -> stream
ctx~64 out=32: in=92 out=32 decode=36.15 tok/s  e2e=33.56 tok/s (warmup 37.52)  tpot=27.66 ms
ctx~64 out=128: in=92 out=74 decode=33.90 tok/s  e2e=32.74 tok/s (warmup 35.34)  tpot=29.50 ms
ctx~512 out=32: in=633 out=32 decode=35.22 tok/s  e2e=32.01 tok/s (warmup 36.30)  tpot=28.40 ms
ctx~512 out=128: in=633 out=83 decode=32.15 tok/s  e2e=31.11 tok/s (warmup 33.66)  tpot=31.10 ms
ctx~1024 out=32: in=1259 out=32 decode=33.01 tok/s  e2e=30.21 tok/s (warmup 33.30)  tpot=30.30 ms
ctx~1024 out=128: in=1259 out=83 decode=32.60 tok/s  e2e=31.52 tok/s (warmup 33.09)  tpot=30.67 ms
ctx~2048 out=32: in=2501 out=32 decode=32.74 tok/s  e2e=29.45 tok/s (warmup 32.33)  tpot=30.54 ms
ctx~2048 out=128: in=2501 out=85 decode=32.45 tok/s  e2e=31.13 tok/s (warmup 32.43)  tpot=30.81 ms
ctx~3072 out=32: in=3746 out=32 decode=29.82 tok/s  e2e=26.23 tok/s (warmup 29.76)  tpot=33.53 ms
ctx~3072 out=128: in=3746 out=85 decode=29.78 tok/s  e2e=28.33 tok/s (warmup 29.75)  tpot=33.58 ms
ctx~3800 out=32: in=4630 out=32 decode=28.22 tok/s  e2e=24.33 tok/s (warmup 28.03)  tpot=35.44 ms
ctx~3800 out=128: in=4630 out=85 decode=27.94 tok/s  e2e=26.36 tok/s (warmup 28.04)  tpot=35.79 ms

{
  "cells_ok": 12,
  "cells_total": 12,
  "decode_source": "stream",
  "decode_tps_min": 27.94,
  "decode_tps_max": 36.151,
  "decode_tps_median": 32.528,
  "degenerate_responses": 0.0
}
