[2026-09-23T21:43:26+00:00] image pulled
[2026-09-23T21:46:08+00:00] ready cyankiwi/gemma-4-26B-A4B-it-AWQ-4bit after 160s
sst2: 872 rows in split -> 300 written {'negative': 147, 'positive': 153}
ag_news: 7600 rows in split -> 300 written {'business': 75, 'scitech': 75, 'world': 75, 'sports': 75}
emotion: 2000 rows in split -> 300 written {'joy': 105, 'love': 23, 'sadness': 88, 'fear': 33, 'anger': 42, 'surprise': 9}
irony: 784 rows in split -> 300 written {'no': 181, 'yes': 119}
[2026-09-23T21:51:32+00:00] hash check: 5 of 5 OK
autoregressive sst2: 50/100 (6s)
autoregressive sst2: 100/100 (9s)
autoregressive ag_news: 50/100 (3s)
autoregressive ag_news: 100/100 (6s)
autoregressive emotion: 50/100 (3s)
autoregressive emotion: 100/100 (6s)
autoregressive irony: 50/100 (3s)
autoregressive irony: 100/100 (6s)
[2026-09-23T21:54:51+00:00] ready cyankiwi/diffusiongemma-26B-A4B-it-AWQ-INT4 after 170s
diffusion sst2: 50/100 (43s)
diffusion sst2: 100/100 (58s)
diffusion ag_news: 50/100 (16s)
diffusion ag_news: 100/100 (31s)
diffusion emotion: 50/100 (15s)
diffusion emotion: 100/100 (31s)
diffusion irony: 50/100 (16s)
diffusion irony: 100/100 (31s)
[2026-09-23T22:00:13+00:00] ready google/gemma-4-E4B-it after 170s
sst2: google/gemma-4-E4B-it's chat template renders a different prefix
sst2: google/gemma-4-E4B-it's chat template renders a different prefix
[2026-09-23T22:20:36+00:00] TIMEOUT google/gemma-4-E2B-it
[2026-09-23T22:20:36+00:00] DONE
