WARNING: All log messages before absl::InitializeLog() is called are written to STDERR
I0000 00:00:1787948200.028381    9896 xplane_to_tools_data.cc:322] serving tool: tool_names with options: {} session_id: /tmp/jaxtrace/plugins/profile/2026_08_28_20_16_35
I0000 00:00:1787948200.055007    9896 xplane_hlo_fixer.cc:117] XProf HLO fixer triggered for metadata plane.
I0000 00:00:1787948200.133655    9896 xplane_hlo_fixer.cc:117] XProf HLO fixer triggered for metadata plane.
I0000 00:00:1787948200.134929    9896 xplane_to_tools_data.cc:392] serving tool: tool_names session_id: /tmp/jaxtrace/plugins/profile/2026_08_28_20_16_35 duration: 106.502431ms
I0000 00:00:1787948200.135171    9896 xplane_to_tools_data_with_profile_processor.cc:189] serving tool: kernel_stats with options: {use_saved_result:1:0;} using ProfileProcessor session_id: /tmp/jaxtrace/plugins/profile/2026_08_28_20_16_35
I0000 00:00:1787948200.135186    9896 xplane_to_tools_data_with_profile_processor.cc:235] Using local processing for tool: kernel_stats
I0000 00:00:1787948200.135191    9896 multi_xplanes_to_op_stats.cc:120] ConvertMultiXSpaceToCombinedOpStatsWithCache: Started
I0000 00:00:1787948200.135212    9896 multi_xplanes_to_op_stats.cc:138] ConvertMultiXSpaceToCombinedOpStatsWithCache: Cache miss, calling ConvertMultiXSpacesToCombinedOpStats
I0000 00:00:1787948200.135217    9896 multi_xplanes_to_op_stats.cc:46] ConvertMultiXSpacesToCombinedOpStats: Started. Number of XSpaces: 1
I0000 00:00:1787948200.135228    9896 multi_xplanes_to_op_stats.cc:56] ConvertMultiXSpacesToCombinedOpStats: Starting to process XSpace 0/1
I0000 00:00:1787948200.158825    9896 xplane_hlo_fixer.cc:117] XProf HLO fixer triggered for metadata plane.
I0000 00:00:1787948200.159699    9896 xplane_hlo_fixer.cc:117] XProf HLO fixer triggered for metadata plane.
I0000 00:00:1787948200.193750    9896 derived_timeline.cc:699] GenerateDerivedTimeLines: creating derived_timeline_trace_events XprofThreadPoolExecutor
I0000 00:00:1787948200.193783    9896 xprof_thread_pool_executor.cc:22] Creating derived_timeline_trace_events XprofThreadPoolExecutor with 1 threads.
I0000 00:00:1787948200.193896    9896 derived_timeline.cc:711] GenerateDerivedTimeLines: waiting for derived_timeline_trace_events threads to join
I0000 00:00:1787948200.202704    9896 derived_timeline.cc:715] GenerateDerivedTimeLines: derived_timeline_trace_events threads joined successfully
W0000 00:00:1787948200.385245    9896 derived_timeline.cc:596] Found derived XLine with clashing display ID: 1. This will cause rendering issues in Trace Viewer.
I0000 00:00:1787948200.385763    9896 derived_timeline.cc:764] GenerateDerivedTimeLines: creating ProcessTensorCorePlanes XprofThreadPoolExecutor
I0000 00:00:1787948200.385778    9896 xprof_thread_pool_executor.cc:22] Creating ProcessTensorCorePlanes XprofThreadPoolExecutor with 1 threads.
I0000 00:00:1787948200.385843    9896 derived_timeline.cc:775] GenerateDerivedTimeLines: waiting for ProcessTensorCorePlanes threads to join
I0000 00:00:1787948200.385905    9896 derived_timeline.cc:778] GenerateDerivedTimeLines: ProcessTensorCorePlanes threads joined successfully
I0000 00:00:1787948200.617248    9896 xplane_to_op_stats.cc:503] ConvertXSpaceToOpStats: creating op_stats_threads XprofThreadPoolExecutor
I0000 00:00:1787948200.617326    9896 xprof_thread_pool_executor.cc:22] Creating op_stats_threads XprofThreadPoolExecutor with 8 threads.
I0000 00:00:1787948200.617918    9896 xplane_to_op_stats.cc:559] ConvertXSpaceToOpStats: Scheduled 1 OpMetricsDb generation tasks.
W0000 00:00:1787948200.692755    9896 xplane_to_op_stats.cc:657] No CoreDetails found for TPU device plane: /device:GPU:0
I0000 00:00:1787948200.692959    9896 xplane_to_op_stats.cc:515] ConvertXSpaceToOpStats: Combining 1 op_metrics_dbs.
I0000 00:00:1787948200.692978    9896 xplane_to_op_stats.cc:520] ConvertXSpaceToOpStats: Finished combining op_metrics_dbs.
I0000 00:00:1787948200.727903    9896 xplane_to_op_stats.cc:785] ConvertXSpaceToOpStats: Final OpStats size: 14027 bytes (0.0133772 MiB).
I0000 00:00:1787948200.766860    9896 multi_xplanes_to_op_stats.cc:68] ConvertMultiXSpacesToCombinedOpStats: Finished processing XSpace 0.
I0000 00:00:1787948200.767220    9896 multi_xplanes_to_op_stats.cc:73] ConvertMultiXSpacesToCombinedOpStats: Finished extracting all 1 OpStats. Time: 632.021235ms
I0000 00:00:1787948200.767248    9896 multi_xplanes_to_op_stats.cc:86] ConvertMultiXSpacesToCombinedOpStats: Starting ComputeStepIntersectionToMergeOpStats.
I0000 00:00:1787948200.767253    9896 multi_xplanes_to_op_stats.cc:95] ConvertMultiXSpacesToCombinedOpStats: Finished ComputeStepIntersectionToMergeOpStats in 2.298us
I0000 00:00:1787948200.767257    9896 multi_xplanes_to_op_stats.cc:100] ConvertMultiXSpacesToCombinedOpStats: Starting CombineAllOpStats.
I0000 00:00:1787948200.767342    9896 multi_xplanes_to_op_stats.cc:107] ConvertMultiXSpacesToCombinedOpStats: Finished CombineAllOpStats in 82.821us
I0000 00:00:1787948200.767348    9896 multi_xplanes_to_op_stats.cc:110] ConvertMultiXSpacesToCombinedOpStats: Overall Finished in 632.132413ms
I0000 00:00:1787948200.767401    9896 multi_xplanes_to_op_stats.cc:142] ConvertMultiXSpaceToCombinedOpStatsWithCache: Starting to write cache file.
I0000 00:00:1787948200.767530    9896 multi_xplanes_to_op_stats.cc:149] ConvertMultiXSpaceToCombinedOpStatsWithCache: Finished writing cache file.
I0000 00:00:1787948200.767542    9896 multi_xplanes_to_op_stats.cc:153] ConvertMultiXSpaceToCombinedOpStatsWithCache: Overall Finished in 632.352182ms for device: Nvidia GPU (Turing)
I0000 00:00:1787948200.770361    9896 xplane_to_tools_data_with_profile_processor.cc:240] Total time for tool kernel_stats: 635.188924ms session_id: /tmp/jaxtrace/plugins/profile/2026_08_28_20_16_35
I0000 00:00:1787948200.770720    9896 xplane_to_tools_data_with_profile_processor.cc:189] serving tool: memory_profile with options: {use_saved_result:1:0;} using ProfileProcessor session_id: /tmp/jaxtrace/plugins/profile/2026_08_28_20_16_35
I0000 00:00:1787948200.770739    9896 xplane_to_tools_data_with_profile_processor.cc:235] Using local processing for tool: memory_profile
I0000 00:00:1787948200.770743    9896 memory_profile_processor.cc:47] Processing memory profile for host: ip-172-31-10-128
I0000 00:00:1787948200.795268    9896 xplane_hlo_fixer.cc:117] XProf HLO fixer triggered for metadata plane.
I0000 00:00:1787948200.796389    9896 xplane_hlo_fixer.cc:117] XProf HLO fixer triggered for metadata plane.
I0000 00:00:1787948200.836165    9896 xplane_to_tools_data_with_profile_processor.cc:240] Total time for tool memory_profile: 65.44854ms session_id: /tmp/jaxtrace/plugins/profile/2026_08_28_20_16_35
I0000 00:00:1787948200.836597    9896 xplane_to_tools_data_with_profile_processor.cc:189] serving tool: roofline_model with options: {use_saved_result:1:0;} using ProfileProcessor session_id: /tmp/jaxtrace/plugins/profile/2026_08_28_20_16_35
I0000 00:00:1787948200.836617    9896 xplane_to_tools_data_with_profile_processor.cc:235] Using local processing for tool: roofline_model
I0000 00:00:1787948200.836623    9896 multi_xplanes_to_op_stats.cc:120] ConvertMultiXSpaceToCombinedOpStatsWithCache: Started
I0000 00:00:1787948200.836641    9896 multi_xplanes_to_op_stats.cc:130] ConvertMultiXSpaceToCombinedOpStatsWithCache: Cache hit, reading binary proto
I0000 00:00:1787948200.836807    9896 multi_xplanes_to_op_stats.cc:135] ConvertMultiXSpaceToCombinedOpStatsWithCache: Finished reading cache file.
I0000 00:00:1787948200.836814    9896 multi_xplanes_to_op_stats.cc:153] ConvertMultiXSpaceToCombinedOpStatsWithCache: Overall Finished in 192.579us for device: Nvidia GPU (Turing)
I0000 00:00:1787948200.837237    9896 xplane_to_tools_data_with_profile_processor.cc:240] Total time for tool roofline_model: 625.858us session_id: /tmp/jaxtrace/plugins/profile/2026_08_28_20_16_35
xplane files: ['/tmp/jaxtrace/plugins/profile/2026_08_28_20_16_35/ip-172-31-10-128.xplane.pb']
tools: ['trace_viewer@', 'overview_page', 'input_pipeline_analyzer', 'framework_op_stats', 'memory_profile', 'op_profile', 'hlo_stats', 'roofline_model', 'kernel_stats', 'memory_viewer', 'graph_viewer']
wrote kernel_stats
wrote memory_profile
wrote roofline_model
