10:31:43 pkg=49C gpu=39C throttle=722076 BEGIN
10:31:45 pkg=50C gpu=41C throttle=722076 healthy vram=3568 MiB
10:32:45 pkg=41C gpu=39C throttle=722076 cooldown done after 60s
10:32:45 pkg=41C gpu=39C throttle=722076 START long c=1 gpu_clock/power=300 MHz, 2.00 W
10:33:11 pkg=67C gpu=52C throttle=722299 END long c=1 rc=0 gpu_clock/power=1755 MHz, 33.67 W
10:34:11 pkg=46C gpu=40C throttle=722327 cooldown done after 60s
10:34:11 pkg=46C gpu=41C throttle=722327 START long c=2 gpu_clock/power=300 MHz, 1.91 W
10:34:47 pkg=74C gpu=54C throttle=723303 END long c=2 rc=0 gpu_clock/power=1710 MHz, 35.47 W
10:35:48 pkg=44C gpu=41C throttle=723336 cooldown done after 60s
10:35:48 pkg=44C gpu=41C throttle=723336 START long c=4 gpu_clock/power=300 MHz, 1.90 W
10:36:48 pkg=67C gpu=55C throttle=723700 END long c=4 rc=0 gpu_clock/power=1785 MHz, 39.31 W
10:37:48 pkg=47C gpu=41C throttle=723754 cooldown done after 60s
10:37:48 pkg=47C gpu=41C throttle=723754 START long c=8 gpu_clock/power=300 MHz, 2.15 W
10:39:37 pkg=70C gpu=56C throttle=724684 END long c=8 rc=0 gpu_clock/power=1785 MHz, 33.28 W
10:40:37 pkg=46C gpu=42C throttle=724727 cooldown done after 60s
10:40:37 pkg=46C gpu=42C throttle=724727 START long c=16 gpu_clock/power=300 MHz, 1.96 W
10:44:06 pkg=94C gpu=56C throttle=734993 END long c=16 rc=0 gpu_clock/power=1620 MHz, 19.42 W
10:45:06 pkg=47C gpu=42C throttle=735046 cooldown done after 60s
10:45:06 pkg=47C gpu=42C throttle=735046 START short c=1 gpu_clock/power=300 MHz, 1.99 W
10:45:53 pkg=72C gpu=58C throttle=735138 END short c=1 rc=0 gpu_clock/power=1860 MHz, 34.23 W
10:46:53 pkg=46C gpu=43C throttle=735305 cooldown done after 60s
10:46:54 pkg=46C gpu=43C throttle=735305 START short c=2 gpu_clock/power=300 MHz, 1.96 W
10:47:45 pkg=70C gpu=57C throttle=736207 END short c=2 rc=0 gpu_clock/power=1800 MHz, 38.67 W
10:48:55 pkg=50C gpu=42C throttle=736288 cooldown done after 70s
10:48:55 pkg=50C gpu=42C throttle=736288 START short c=4 gpu_clock/power=300 MHz, 1.92 W
10:50:11 pkg=75C gpu=57C throttle=736670 END short c=4 rc=0 gpu_clock/power=1830 MHz, 39.65 W
10:51:11 pkg=47C gpu=43C throttle=736696 cooldown done after 60s
10:51:11 pkg=47C gpu=43C throttle=736696 START short c=8 gpu_clock/power=300 MHz, 1.87 W
10:53:13 pkg=76C gpu=60C throttle=740593 END short c=8 rc=0 gpu_clock/power=1770 MHz, 36.37 W
10:54:23 pkg=48C gpu=44C throttle=740677 cooldown done after 70s
10:54:23 pkg=48C gpu=44C throttle=740677 START short c=16 gpu_clock/power=300 MHz, 2.07 W
10:58:19 pkg=74C gpu=57C throttle=749281 END short c=16 rc=0 gpu_clock/power=1815 MHz, 39.06 W
10:58:21 pkg=71C gpu=55C throttle=749293 DONE
10:58:25 pkg=63C gpu=54C throttle=749380 E2B server restored: {"status":"ok"}
