t0=1791165188 tpull=1791165383 tready=1791165901
image=xbill9/gemma4-optb-26b@sha256:32c10084ae5d82597a572eeffafcfe07e00b63e3911c7d6aecb3e3b7f47cd5c6 size=9216401344
27G	/var/lib/docker/volumes/gemma26b-data
[entrypoint] fetching slim artifacts from HF repo xbill9/gemma-4-26B-A4B-it-inferentia2-xlarge into /data ...
[entrypoint] downloaded to /data
HTTP listening on :8080 (loading slim int8-squeeze neff...)
discovering structure (meta model) + loading host embeddings ...
structure: 30 non-shared, head_dims=[256, 512], SW=1024, embed_scale=53.066, softcap=30.0
loading neff /data/sqz_neff.pt
READY in 220.1s — slim int8-squeeze, ModelBuilder TP=2, MAX=512 BUCKET=128
[req] pt=25 ct=1 prefill=0.29s decode=5.3tok/s e2e=2.1tok/s 0.48s finish=stop
[req] pt=25 ct=1 prefill=0.31s decode=5.3tok/s e2e=2.0tok/s 0.5s finish=stop
[req] pt=25 ct=1 prefill=0.31s decode=5.3tok/s e2e=2.0tok/s 0.5s finish=stop
[req] pt=21 ct=101 prefill=0.31s decode=5.5tok/s e2e=5.4tok/s 18.6s finish=length
[req] pt=22 ct=101 prefill=0.34s decode=5.5tok/s e2e=5.4tok/s 18.64s finish=length
[req] pt=22 ct=101 prefill=0.34s decode=5.5tok/s e2e=5.4tok/s 18.62s finish=length
               total        used        free      shared  buff/cache   available
Mem:              30          13           2           0          14          16
Swap:             31           0          31
	
[ssm status: Success]
