t0=1791164584 tpull=1791164949 tready=1791165120
loading tokenizer + SLIM host embeddings (dtype=torch.bfloat16, no transformer weights)...
slim-loaded 5 tensors (5.53 GB) for host embeddings; peak RSS so far 1.16 GB
loading neffs onto NeuronCores...
HTTP listening on :8080 — /health=503 'loading' until ready; queue max=8, gen timeout 120.0s
READY in 121.2s — serving on :8080 (SLIM host, peak RSS 19.53 GB)
[req] pt=21 ct=1 7.3tok/s 0.14s finish=stop
[req] pt=21 ct=1 9.6tok/s 0.1s finish=stop
[req] pt=21 ct=1 9.7tok/s 0.1s finish=stop
[req] pt=17 ct=94 36.2tok/s 2.59s finish=stop
[req] pt=17 ct=94 38.1tok/s 2.47s finish=stop
[req] pt=18 ct=107 36.2tok/s 2.96s finish=stop
[req] pt=18 ct=101 36.0tok/s 2.8s finish=stop
[req] pt=15 ct=123 36.6tok/s 3.36s finish=stop
[req] pt=15 ct=120 37.1tok/s 3.23s finish=stop
image=xbill9/gemma4-optb@sha256:6cf0ae7eba5676ebd8c34b87fa6d40d03edbd58e44950c85c0ca5ea3a88fb1ff size=16888187349
instance-type: trn1.2xlarge
instance-id: i-0ae4b5e09a1d24e21
aws-neuronx-dkms 2.30.2.0
aws-neuronx-runtime-lib 2.34.10.0-ac18d186d
PRETTY_NAME="Ubuntu 24.04.4 LTS"
	
[ssm status: Success]
