checking file tpu_inference/envs.py
checking file tpu_inference/layers/common/fused_moe_gmm.py
checking file tpu_inference/layers/common/linear.py
checking file tpu_inference/layers/common/process_weights/moe_weights.py
checking file tpu_inference/layers/jax/embed.py
checking file tpu_inference/layers/jax/quantization/compressed_tensors.py
checking file tpu_inference/layers/jax/quantization/fp8.py
checking file tpu_inference/layers/jax/quantization/wna16.py
Hunk #3 succeeded at 208 (offset -3 lines).
Hunk #4 succeeded at 334 (offset -3 lines).
Hunk #5 succeeded at 652 (offset -11 lines).
Hunk #6 succeeded at 668 (offset -11 lines).
Hunk #7 succeeded at 696 (offset -11 lines).
checking file tpu_inference/models/common/model_loader.py
checking file tpu_inference/models/jax/gemma4.py
Hunk #1 succeeded at 51 (offset 1 line).
Hunk #2 succeeded at 553 (offset 32 lines).
Hunk #3 succeeded at 797 (offset 32 lines).
Hunk #4 succeeded at 856 (offset 32 lines).
Hunk #5 succeeded at 1084 (offset 32 lines).
patching file tpu_inference/envs.py
patching file tpu_inference/layers/common/fused_moe_gmm.py
patching file tpu_inference/layers/common/linear.py
patching file tpu_inference/layers/common/process_weights/moe_weights.py
patching file tpu_inference/layers/jax/embed.py
patching file tpu_inference/layers/jax/quantization/compressed_tensors.py
patching file tpu_inference/layers/jax/quantization/fp8.py
patching file tpu_inference/layers/jax/quantization/wna16.py
Hunk #3 succeeded at 208 (offset -3 lines).
Hunk #4 succeeded at 334 (offset -3 lines).
Hunk #5 succeeded at 652 (offset -11 lines).
Hunk #6 succeeded at 668 (offset -11 lines).
Hunk #7 succeeded at 696 (offset -11 lines).
patching file tpu_inference/models/common/model_loader.py
patching file tpu_inference/models/jax/gemma4.py
Hunk #1 succeeded at 51 (offset 1 line).
Hunk #2 succeeded at 553 (offset 32 lines).
Hunk #3 succeeded at 797 (offset 32 lines).
Hunk #4 succeeded at 856 (offset 32 lines).
Hunk #5 succeeded at 1084 (offset 32 lines).
