autoregressive aegis2: 100/213 (37s)
autoregressive aegis2: 200/213 (81s)
autoregressive aegis2: 213/213 (86s)
autoregressive boolq: 100/300 (82s)
autoregressive boolq: 200/300 (166s)
autoregressive boolq: 300/300 (247s)
autoregressive civil_comments: 100/300 (63s)
autoregressive civil_comments: 200/300 (129s)
autoregressive civil_comments: 300/300 (193s)
autoregressive helpsteer2: 100/249 (162s)
autoregressive helpsteer2: 200/249 (300s)
autoregressive helpsteer2: 249/249 (384s)
autoregressive massive-de-DE: 100/350 (131s)
autoregressive massive-de-DE: 200/350 (263s)
autoregressive massive-de-DE: 300/350 (395s)
autoregressive massive-de-DE: 350/350 (460s)
autoregressive massive-en-US: 100/350 (132s)
autoregressive massive-en-US: 200/350 (264s)
autoregressive massive-en-US: 300/350 (395s)
autoregressive massive-en-US: 350/350 (461s)
autoregressive multinli: 100/299 (59s)
autoregressive multinli: 200/299 (116s)
autoregressive multinli: 299/299 (175s)
autoregressive paws: 100/250 (64s)
autoregressive paws: 200/250 (127s)
