[cell] in=1024 out=128 conc=1 n=8 start 2026-08-30T19:32:37+00:00
============ Serving Benchmark Result ============
Successful requests:                     8         
Failed requests:                         0         
Maximum request concurrency:             1         
Benchmark duration (s):                  22.22     
Total input tokens:                      8192      
Total generated tokens:                  1024      
Request throughput (req/s):              0.36      
Output token throughput (tok/s):         46.09     
Peak output token throughput (tok/s):    51.00     
Peak concurrent requests:                2.00      
Total token throughput (tok/s):          414.79    
---------------Time to First Token----------------
Mean TTFT (ms):                          256.43    
Median TTFT (ms):                        101.34    
P99 TTFT (ms):                           1270.12   
-----Time per Output Token (excl. 1st token)------
Mean TPOT (ms):                          19.85     
Median TPOT (ms):                        19.84     
P99 TPOT (ms):                           19.89     
---------------Inter-token Latency----------------
Mean ITL (ms):                           19.85     
Median ITL (ms):                         19.89     
P99 ITL (ms):                            20.55     
==================================================
[cell] in=1024 out=128 conc=1 done 2026-08-30T19:33:21+00:00
[cell] in=1024 out=128 conc=2 n=16 start 2026-08-30T19:33:21+00:00
============ Serving Benchmark Result ============
Successful requests:                     16        
Failed requests:                         0         
Maximum request concurrency:             2         
Benchmark duration (s):                  22.12     
Total input tokens:                      16384     
Total generated tokens:                  2048      
Request throughput (req/s):              0.72      
Output token throughput (tok/s):         92.60     
Peak output token throughput (tok/s):    98.00     
Peak concurrent requests:                4.00      
Total token throughput (tok/s):          833.44    
---------------Time to First Token----------------
Mean TTFT (ms):                          109.47    
Median TTFT (ms):                        90.11     
P99 TTFT (ms):                           207.14    
-----Time per Output Token (excl. 1st token)------
Mean TPOT (ms):                          20.89     
Median TPOT (ms):                        20.73     
P99 TPOT (ms):                           21.44     
---------------Inter-token Latency----------------
Mean ITL (ms):                           20.89     
Median ITL (ms):                         20.80     
P99 ITL (ms):                            21.50     
==================================================
[cell] in=1024 out=128 conc=2 done 2026-08-30T19:33:56+00:00
[cell] in=1024 out=128 conc=4 n=32 start 2026-08-30T19:33:56+00:00
============ Serving Benchmark Result ============
Successful requests:                     32        
Failed requests:                         0         
Maximum request concurrency:             4         
Benchmark duration (s):                  23.29     
Total input tokens:                      32768     
Total generated tokens:                  4096      
Request throughput (req/s):              1.37      
Output token throughput (tok/s):         175.83    
Peak output token throughput (tok/s):    192.00    
Peak concurrent requests:                8.00      
Total token throughput (tok/s):          1582.51   
---------------Time to First Token----------------
Mean TTFT (ms):                          168.40    
Median TTFT (ms):                        93.39     
P99 TTFT (ms):                           410.06    
-----Time per Output Token (excl. 1st token)------
Mean TPOT (ms):                          21.57     
Median TPOT (ms):                        21.09     
P99 TPOT (ms):                           23.17     
---------------Inter-token Latency----------------
Mean ITL (ms):                           21.57     
Median ITL (ms):                         21.06     
P99 ITL (ms):                            22.09     
==================================================
[cell] in=1024 out=128 conc=4 done 2026-08-30T19:34:33+00:00
[cell] in=1024 out=128 conc=8 n=32 start 2026-08-30T19:34:33+00:00
============ Serving Benchmark Result ============
Successful requests:                     32        
Failed requests:                         0         
Maximum request concurrency:             8         
Benchmark duration (s):                  11.37     
Total input tokens:                      32768     
Total generated tokens:                  4096      
Request throughput (req/s):              2.81      
Output token throughput (tok/s):         360.17    
Peak output token throughput (tok/s):    373.00    
Peak concurrent requests:                16.00     
Total token throughput (tok/s):          3241.55   
---------------Time to First Token----------------
Mean TTFT (ms):                          81.55     
Median TTFT (ms):                        78.21     
P99 TTFT (ms):                           105.40    
-----Time per Output Token (excl. 1st token)------
Mean TPOT (ms):                          21.71     
Median TPOT (ms):                        21.70     
P99 TPOT (ms):                           21.80     
---------------Inter-token Latency----------------
Mean ITL (ms):                           21.71     
Median ITL (ms):                         21.82     
P99 ITL (ms):                            22.67     
==================================================
[cell] in=1024 out=128 conc=8 done 2026-08-30T19:34:58+00:00
[cell] in=4096 out=128 conc=1 n=8 start 2026-08-30T19:34:58+00:00
============ Serving Benchmark Result ============
Successful requests:                     8         
Failed requests:                         0         
Maximum request concurrency:             1         
Benchmark duration (s):                  23.65     
Total input tokens:                      32768     
Total generated tokens:                  1024      
Request throughput (req/s):              0.34      
Output token throughput (tok/s):         43.30     
Peak output token throughput (tok/s):    49.00     
Peak concurrent requests:                2.00      
Total token throughput (tok/s):          1428.87   
---------------Time to First Token----------------
Mean TTFT (ms):                          343.37    
Median TTFT (ms):                        346.99    
P99 TTFT (ms):                           352.34    
-----Time per Output Token (excl. 1st token)------
Mean TPOT (ms):                          20.57     
Median TPOT (ms):                        20.56     
P99 TPOT (ms):                           20.62     
---------------Inter-token Latency----------------
Mean ITL (ms):                           20.57     
Median ITL (ms):                         20.59     
P99 ITL (ms):                            21.33     
==================================================
[cell] in=4096 out=128 conc=1 done 2026-08-30T19:35:35+00:00
[cell] in=4096 out=128 conc=8 n=32 start 2026-08-30T19:35:35+00:00
============ Serving Benchmark Result ============
Successful requests:                     32        
Failed requests:                         0         
Maximum request concurrency:             8         
Benchmark duration (s):                  19.71     
Total input tokens:                      131072    
Total generated tokens:                  4096      
Request throughput (req/s):              1.62      
Output token throughput (tok/s):         207.83    
Peak output token throughput (tok/s):    344.00    
Peak concurrent requests:                16.00     
Total token throughput (tok/s):          6858.26   
---------------Time to First Token----------------
Mean TTFT (ms):                          852.19    
Median TTFT (ms):                        882.66    
P99 TTFT (ms):                           2436.63   
-----Time per Output Token (excl. 1st token)------
Mean TPOT (ms):                          31.84     
Median TPOT (ms):                        35.23     
P99 TPOT (ms):                           39.93     
---------------Inter-token Latency----------------
Mean ITL (ms):                           31.84     
Median ITL (ms):                         23.75     
P99 ITL (ms):                            221.26    
==================================================
[cell] in=4096 out=128 conc=8 done 2026-08-30T19:36:09+00:00
[sweep] ALL DONE

