Traffic request rate: inf
Burstiness factor: 1.0 (Poisson process)
Maximum request concurrency: 64

  0%|          | 0/256 [00:00<?, ?it/s]
  0%|          | 1/256 [00:09<41:15,  9.71s/it]
  1%|          | 2/256 [00:09<17:21,  4.10s/it]
 15%|█▍        | 38/256 [00:09<00:29,  7.45it/s]
 25%|██▌       | 65/256 [00:19<00:47,  4.03it/s]
 29%|██▉       | 74/256 [00:19<00:37,  4.90it/s]
 44%|████▍     | 112/256 [00:19<00:13, 10.48it/s]
 50%|█████     | 129/256 [00:29<00:27,  4.64it/s]
 55%|█████▌    | 141/256 [00:29<00:20,  5.72it/s]
 69%|██████▉   | 176/256 [00:29<00:07, 10.46it/s]
 75%|███████▌  | 193/256 [00:39<00:13,  4.78it/s]
 80%|████████  | 205/256 [00:39<00:08,  5.83it/s]
100%|██████████| 256/256 [00:39<00:00,  6.44it/s]
tip: install termplotlib and gnuplot to plot the metrics
============ Serving Benchmark Result ============
Successful requests:                     256       
Failed requests:                         0         
Maximum request concurrency:             64        
Benchmark duration (s):                  39.74     
Total input tokens:                      262144    
Total generated tokens:                  131072    
Request throughput (req/s):              6.44      
Output token throughput (tok/s):         3298.31   
Peak output token throughput (tok/s):    3456.00   
Peak concurrent requests:                128.00    
Total token throughput (tok/s):          9894.93   
---------------Time to First Token----------------
Mean TTFT (ms):                          169.61    
Median TTFT (ms):                        147.71    
P99 TTFT (ms):                           351.63    
-----Time per Output Token (excl. 1st token)------
Mean TPOT (ms):                          19.09     
Median TPOT (ms):                        19.09     
P99 TPOT (ms):                           19.31     
---------------Inter-token Latency----------------
Mean ITL (ms):                           19.09     
Median ITL (ms):                         18.97     
P99 ITL (ms):                            20.77     
==================================================
