Traffic request rate: inf
Burstiness factor: 1.0 (Poisson process)
Maximum request concurrency: 8

  0%|          | 0/32 [00:00<?, ?it/s]
  3%|▎         | 1/32 [00:04<02:10,  4.21s/it]
 28%|██▊       | 9/32 [00:08<00:19,  1.21it/s]
 53%|█████▎    | 17/32 [00:12<00:09,  1.52it/s]
 78%|███████▊  | 25/32 [00:16<00:04,  1.67it/s]
100%|██████████| 32/32 [00:16<00:00,  1.89it/s]
tip: install termplotlib and gnuplot to plot the metrics
============ Serving Benchmark Result ============
Successful requests:                     32        
Failed requests:                         0         
Maximum request concurrency:             8         
Benchmark duration (s):                  16.92     
Total input tokens:                      32768     
Total generated tokens:                  16384     
Request throughput (req/s):              1.89      
Output token throughput (tok/s):         968.18    
Peak output token throughput (tok/s):    992.00    
Peak concurrent requests:                16.00     
Total token throughput (tok/s):          2904.54   
---------------Time to First Token----------------
Mean TTFT (ms):                          50.40     
Median TTFT (ms):                        46.57     
P99 TTFT (ms):                           68.86     
-----Time per Output Token (excl. 1st token)------
Mean TPOT (ms):                          8.17      
Median TPOT (ms):                        8.16      
P99 TPOT (ms):                           8.24      
---------------Inter-token Latency----------------
Mean ITL (ms):                           8.17      
Median ITL (ms):                         8.09      
P99 ITL (ms):                            8.79      
==================================================
