checking file tpu_inference/envs.py
checking file tpu_inference/layers/common/fused_moe_gmm.py
checking file tpu_inference/layers/common/linear.py
checking file tpu_inference/layers/common/process_weights/moe_weights.py
checking file tpu_inference/layers/jax/embed.py
checking file tpu_inference/layers/jax/quantization/compressed_tensors.py
checking file tpu_inference/layers/jax/quantization/fp8.py
checking file tpu_inference/layers/jax/quantization/wna16.py
Hunk #2 succeeded at 539 (offset -11 lines).
Hunk #3 succeeded at 555 (offset -11 lines).
Hunk #4 succeeded at 583 (offset -11 lines).
checking file tpu_inference/models/common/model_loader.py
checking file tpu_inference/models/jax/gemma4.py
Hunk #1 succeeded at 51 (offset 1 line).
Hunk #2 succeeded at 553 (offset 32 lines).
Hunk #3 succeeded at 797 (offset 32 lines).
Hunk #4 succeeded at 1083 (offset 32 lines).
patching file tpu_inference/envs.py
patching file tpu_inference/layers/common/fused_moe_gmm.py
patching file tpu_inference/layers/common/linear.py
patching file tpu_inference/layers/common/process_weights/moe_weights.py
patching file tpu_inference/layers/jax/embed.py
patching file tpu_inference/layers/jax/quantization/compressed_tensors.py
patching file tpu_inference/layers/jax/quantization/fp8.py
patching file tpu_inference/layers/jax/quantization/wna16.py
Hunk #2 succeeded at 539 (offset -11 lines).
Hunk #3 succeeded at 555 (offset -11 lines).
Hunk #4 succeeded at 583 (offset -11 lines).
patching file tpu_inference/models/common/model_loader.py
patching file tpu_inference/models/jax/gemma4.py
Hunk #1 succeeded at 51 (offset 1 line).
Hunk #2 succeeded at 553 (offset 32 lines).
Hunk #3 succeeded at 797 (offset 32 lines).
Hunk #4 succeeded at 1083 (offset 32 lines).
