ggml_cuda_init: found 1 CUDA devices (Total VRAM: 3732 MiB):
  Device 0: NVIDIA GeForce GTX 1650 Ti with Max-Q Design, compute capability 7.5, VMM: yes, VRAM: 3732 MiB
The following devices will have suboptimal performance due to a lack of tensor cores:
  Device 0: NVIDIA GeForce GTX 1650 Ti with Max-Q Design
Consider compiling with CMAKE_CUDA_ARCHITECTURES=61-virtual;80-virtual and DGGML_CUDA_FORCE_MMQ to force the use of the Pascal code for Turing.
ggml_cuda_init: found 1 CUDA devices (Total VRAM: 3732 MiB):
  Device 0: NVIDIA GeForce GTX 1650 Ti with Max-Q Design, compute capability 7.5, VMM: yes, VRAM: 3732 MiB
The following devices will have suboptimal performance due to a lack of tensor cores:
  Device 0: NVIDIA GeForce GTX 1650 Ti with Max-Q Design
Consider compiling with CMAKE_CUDA_ARCHITECTURES=61-virtual;80-virtual and DGGML_CUDA_FORCE_MMQ to force the use of the Pascal code for Turing.
ggml_cuda_init: found 1 CUDA devices (Total VRAM: 3732 MiB):
  Device 0: NVIDIA GeForce GTX 1650 Ti with Max-Q Design, compute capability 7.5, VMM: yes, VRAM: 3732 MiB
The following devices will have suboptimal performance due to a lack of tensor cores:
  Device 0: NVIDIA GeForce GTX 1650 Ti with Max-Q Design
Consider compiling with CMAKE_CUDA_ARCHITECTURES=61-virtual;80-virtual and DGGML_CUDA_FORCE_MMQ to force the use of the Pascal code for Turing.
ggml_cuda_init: found 1 CUDA devices (Total VRAM: 3732 MiB):
  Device 0: NVIDIA GeForce GTX 1650 Ti with Max-Q Design, compute capability 7.5, VMM: yes, VRAM: 3732 MiB
The following devices will have suboptimal performance due to a lack of tensor cores:
  Device 0: NVIDIA GeForce GTX 1650 Ti with Max-Q Design
Consider compiling with CMAKE_CUDA_ARCHITECTURES=61-virtual;80-virtual and DGGML_CUDA_FORCE_MMQ to force the use of the Pascal code for Turing.
