per_layer_model_proj.weight: 96.734252% exact
per_layer_token_embd.weight: 96.929190% exact
token_embd.weight: 96.656585% exact
blk.0.attn_k.weight: 96.606369% exact
blk.0.attn_output.weight: 96.636753% exact
blk.0.attn_q.weight: 96.648521% exact
blk.0.attn_v.weight: 96.736069% exact
blk.0.ffn_down.weight: 96.672024% exact
blk.0.ffn_gate.weight: 96.733242% exact
blk.0.ffn_up.weight: 96.704567% exact
blk.0.inp_gate.weight: 96.883850% exact
blk.0.proj.weight: 97.059326% exact
blk.1.attn_k.weight: 96.798096% exact
blk.1.attn_output.weight: 96.686668% exact
blk.1.attn_q.weight: 96.657295% exact
blk.1.attn_v.weight: 96.614075% exact
blk.1.ffn_down.weight: 96.699036% exact
blk.1.ffn_gate.weight: 96.766846% exact
blk.1.ffn_up.weight: 96.748238% exact
blk.1.inp_gate.weight: 97.113495% exact
blk.1.proj.weight: 96.998138% exact
blk.2.attn_k.weight: 96.954498% exact
blk.2.attn_output.weight: 96.660633% exact
blk.2.attn_q.weight: 96.830902% exact
blk.2.attn_v.weight: 96.753845% exact
blk.2.ffn_down.weight: 96.761715% exact
blk.2.ffn_gate.weight: 96.774448% exact
blk.2.ffn_up.weight: 96.752377% exact
blk.2.inp_gate.weight: 96.918945% exact
blk.2.proj.weight: 96.927948% exact
blk.3.attn_k.weight: 96.681900% exact
blk.3.attn_output.weight: 96.647243% exact
blk.3.attn_q.weight: 96.637497% exact
blk.3.attn_v.weight: 96.867676% exact
blk.3.ffn_down.weight: 96.793003% exact
blk.3.ffn_gate.weight: 96.730679% exact
blk.3.ffn_up.weight: 96.724804% exact
blk.3.inp_gate.weight: 97.001953% exact
blk.3.proj.weight: 97.086029% exact
blk.4.attn_k.weight: 96.655502% exact
blk.4.attn_output.weight: 96.733093% exact
blk.4.attn_q.weight: 96.707935% exact
blk.4.attn_v.weight: 96.608276% exact
blk.4.ffn_down.weight: 96.773758% exact
blk.4.ffn_gate.weight: 96.756275% exact
blk.4.ffn_up.weight: 96.719276% exact
blk.4.inp_gate.weight: 97.026062% exact
blk.4.proj.weight: 96.662445% exact
blk.5.attn_k.weight: 96.854706% exact
blk.5.attn_output.weight: 96.743155% exact
blk.5.attn_q.weight: 96.785631% exact
blk.5.attn_v.weight: 96.625977% exact
blk.5.ffn_down.weight: 96.745045% exact
blk.5.ffn_gate.weight: 96.790455% exact
blk.5.ffn_up.weight: 96.738636% exact
blk.5.inp_gate.weight: 97.160492% exact
blk.5.proj.weight: 97.257843% exact
blk.6.attn_k.weight: 96.783066% exact
blk.6.attn_output.weight: 96.741886% exact
blk.6.attn_q.weight: 96.778011% exact
blk.6.attn_v.weight: 96.833191% exact
blk.6.ffn_down.weight: 96.725414% exact
blk.6.ffn_gate.weight: 96.816772% exact
blk.6.ffn_up.weight: 96.778893% exact
blk.6.inp_gate.weight: 97.183380% exact
blk.6.proj.weight: 96.884766% exact
blk.7.attn_k.weight: 96.760254% exact
blk.7.attn_output.weight: 96.650944% exact
blk.7.attn_q.weight: 96.678047% exact
blk.7.attn_v.weight: 96.757660% exact
blk.7.ffn_down.weight: 96.732552% exact
blk.7.ffn_gate.weight: 96.749641% exact
blk.7.ffn_up.weight: 96.703022% exact
blk.7.inp_gate.weight: 96.974640% exact
blk.7.proj.weight: 97.090759% exact
blk.8.attn_k.weight: 96.714478% exact
blk.8.attn_output.weight: 96.694698% exact
blk.8.attn_q.weight: 96.692753% exact
blk.8.attn_v.weight: 96.786804% exact
blk.8.ffn_down.weight: 96.769585% exact
blk.8.ffn_gate.weight: 96.809681% exact
blk.8.ffn_up.weight: 96.730125% exact
blk.8.inp_gate.weight: 96.827850% exact
blk.8.proj.weight: 96.969452% exact
blk.9.attn_k.weight: 96.748581% exact
blk.9.attn_output.weight: 96.643028% exact
blk.9.attn_q.weight: 96.674099% exact
blk.9.attn_v.weight: 96.689987% exact
blk.9.ffn_down.weight: 96.756115% exact
blk.9.ffn_gate.weight: 96.819504% exact
blk.9.ffn_up.weight: 96.802704% exact
blk.9.inp_gate.weight: 96.976166% exact
blk.9.proj.weight: 96.767120% exact
blk.10.attn_k.weight: 96.712112% exact
blk.10.attn_output.weight: 96.626568% exact
blk.10.attn_q.weight: 96.716022% exact
blk.10.attn_v.weight: 96.864166% exact
blk.10.ffn_down.weight: 96.859524% exact
blk.10.ffn_gate.weight: 96.822826% exact
blk.10.ffn_up.weight: 96.801826% exact
blk.10.inp_gate.weight: 97.027740% exact
blk.10.proj.weight: 97.118530% exact
blk.11.attn_k.weight: 96.953773% exact
blk.11.attn_output.weight: 96.796989% exact
blk.11.attn_q.weight: 96.777153% exact
blk.11.attn_v.weight: 96.899872% exact
blk.11.ffn_down.weight: 96.807461% exact
blk.11.ffn_gate.weight: 96.832726% exact
blk.11.ffn_up.weight: 96.794174% exact
blk.11.inp_gate.weight: 97.024384% exact
blk.11.proj.weight: 96.983948% exact
blk.12.attn_k.weight: 96.844940% exact
blk.12.attn_output.weight: 96.670723% exact
blk.12.attn_q.weight: 96.743984% exact
blk.12.attn_v.weight: 96.817093% exact
blk.12.ffn_down.weight: 96.746799% exact
blk.12.ffn_gate.weight: 96.819401% exact
blk.12.ffn_up.weight: 96.731339% exact
blk.12.inp_gate.weight: 97.021484% exact
blk.12.proj.weight: 96.879578% exact
blk.13.attn_k.weight: 96.917801% exact
blk.13.attn_output.weight: 96.620674% exact
blk.13.attn_q.weight: 96.826324% exact
blk.13.attn_v.weight: 96.819077% exact
blk.13.ffn_down.weight: 96.683716% exact
blk.13.ffn_gate.weight: 96.740540% exact
blk.13.ffn_up.weight: 96.680889% exact
blk.13.inp_gate.weight: 97.100677% exact
blk.13.proj.weight: 96.543427% exact
blk.14.attn_k.weight: 97.037125% exact
blk.14.attn_output.weight: 96.677246% exact
blk.14.attn_q.weight: 96.868095% exact
blk.14.attn_v.weight: 96.714554% exact
blk.14.ffn_down.weight: 96.720215% exact
blk.14.ffn_gate.weight: 96.730309% exact
blk.14.ffn_up.weight: 96.705063% exact
blk.14.inp_gate.weight: 97.099152% exact
blk.14.proj.weight: 96.887207% exact
blk.15.attn_k.weight: 96.962433% exact
blk.15.attn_output.weight: 96.679287% exact
blk.15.attn_q.weight: 96.886482% exact
blk.15.attn_v.weight: 96.706161% exact
blk.15.ffn_down.weight: 96.726486% exact
blk.15.ffn_gate.weight: 96.821049% exact
blk.15.ffn_up.weight: 96.781700% exact
blk.15.inp_gate.weight: 96.974030% exact
blk.15.proj.weight: 96.962585% exact
blk.16.attn_k.weight: 96.824799% exact
blk.16.attn_output.weight: 96.651611% exact
blk.16.attn_q.weight: 96.775513% exact
blk.16.attn_v.weight: 96.683884% exact
blk.16.ffn_down.weight: 96.758205% exact
blk.16.ffn_gate.weight: 96.811001% exact
blk.16.ffn_up.weight: 96.804737% exact
blk.16.inp_gate.weight: 97.135010% exact
blk.16.proj.weight: 97.155457% exact
blk.17.attn_k.weight: 96.850586% exact
blk.17.attn_output.weight: 96.709824% exact
blk.17.attn_q.weight: 96.740055% exact
blk.17.attn_v.weight: 96.797447% exact
blk.17.ffn_down.weight: 96.766376% exact
blk.17.ffn_gate.weight: 96.850758% exact
blk.17.ffn_up.weight: 96.813602% exact
blk.17.inp_gate.weight: 97.204742% exact
blk.17.proj.weight: 97.151947% exact
blk.18.attn_k.weight: 96.934204% exact
blk.18.attn_output.weight: 96.655865% exact
blk.18.attn_q.weight: 96.835365% exact
blk.18.attn_v.weight: 96.621780% exact
blk.18.ffn_down.weight: 96.795883% exact
blk.18.ffn_gate.weight: 96.789478% exact
blk.18.ffn_up.weight: 96.723808% exact
blk.18.inp_gate.weight: 97.340088% exact
blk.18.proj.weight: 97.086487% exact
blk.19.attn_k.weight: 97.007904% exact
blk.19.attn_output.weight: 96.590710% exact
blk.19.attn_q.weight: 96.858559% exact
blk.19.attn_v.weight: 96.723862% exact
blk.19.ffn_down.weight: 96.826065% exact
blk.19.ffn_gate.weight: 96.839451% exact
blk.19.ffn_up.weight: 96.788975% exact
blk.19.inp_gate.weight: 97.178802% exact
blk.19.proj.weight: 97.244568% exact
blk.20.attn_k.weight: 96.838684% exact
blk.20.attn_output.weight: 96.711006% exact
blk.20.attn_q.weight: 96.839161% exact
blk.20.attn_v.weight: 96.738663% exact
blk.20.ffn_down.weight: 96.868984% exact
blk.20.ffn_gate.weight: 96.874275% exact
blk.20.ffn_up.weight: 96.849155% exact
blk.20.inp_gate.weight: 97.090607% exact
blk.20.proj.weight: 96.948853% exact
blk.21.attn_k.weight: 96.875534% exact
blk.21.attn_output.weight: 96.715336% exact
blk.21.attn_q.weight: 96.832619% exact
blk.21.attn_v.weight: 96.989441% exact
blk.21.ffn_down.weight: 96.898685% exact
blk.21.ffn_gate.weight: 96.903141% exact
blk.21.ffn_up.weight: 96.896950% exact
blk.21.inp_gate.weight: 97.103119% exact
blk.21.proj.weight: 96.769714% exact
blk.22.attn_k.weight: 96.928635% exact
blk.22.attn_output.weight: 96.667862% exact
blk.22.attn_q.weight: 96.904335% exact
blk.22.attn_v.weight: 97.202377% exact
blk.22.ffn_down.weight: 96.939037% exact
blk.22.ffn_gate.weight: 96.871841% exact
blk.22.ffn_up.weight: 96.892040% exact
blk.22.inp_gate.weight: 97.153931% exact
blk.22.proj.weight: 97.320709% exact
blk.23.attn_k.weight: 97.019348% exact
blk.23.attn_output.weight: 96.758833% exact
blk.23.attn_q.weight: 97.055311% exact
blk.23.attn_v.weight: 97.136536% exact
blk.23.ffn_down.weight: 96.790710% exact
blk.23.ffn_gate.weight: 96.834560% exact
blk.23.ffn_up.weight: 96.785240% exact
blk.23.inp_gate.weight: 97.079926% exact
blk.23.proj.weight: 96.798706% exact
blk.24.attn_output.weight: 96.708832% exact
blk.24.attn_q.weight: 96.782913% exact
blk.24.ffn_down.weight: 96.725060% exact
blk.24.ffn_gate.weight: 96.831432% exact
blk.24.ffn_up.weight: 96.773872% exact
blk.24.inp_gate.weight: 96.999969% exact
blk.24.proj.weight: 96.661987% exact
blk.25.attn_output.weight: 96.665688% exact
blk.25.attn_q.weight: 96.731586% exact
blk.25.ffn_down.weight: 96.681332% exact
blk.25.ffn_gate.weight: 96.766235% exact
blk.25.ffn_up.weight: 96.652870% exact
blk.25.inp_gate.weight: 96.936340% exact
blk.25.proj.weight: 96.712799% exact
blk.26.attn_output.weight: 96.692562% exact
blk.26.attn_q.weight: 96.707077% exact
blk.26.ffn_down.weight: 96.684067% exact
blk.26.ffn_gate.weight: 96.776134% exact
blk.26.ffn_up.weight: 96.686489% exact
blk.26.inp_gate.weight: 96.945190% exact
blk.26.proj.weight: 96.729431% exact
blk.27.attn_output.weight: 96.636505% exact
blk.27.attn_q.weight: 96.755352% exact
blk.27.ffn_down.weight: 96.715435% exact
blk.27.ffn_gate.weight: 96.776207% exact
blk.27.ffn_up.weight: 96.662769% exact
blk.27.inp_gate.weight: 97.062836% exact
blk.27.proj.weight: 96.801910% exact
blk.28.attn_output.weight: 96.609440% exact
blk.28.attn_q.weight: 96.761456% exact
blk.28.ffn_down.weight: 96.765095% exact
blk.28.ffn_gate.weight: 96.802902% exact
blk.28.ffn_up.weight: 96.730965% exact
blk.28.inp_gate.weight: 97.030029% exact
blk.28.proj.weight: 96.849365% exact
blk.29.attn_output.weight: 96.753035% exact
blk.29.attn_q.weight: 96.701841% exact
blk.29.ffn_down.weight: 96.770275% exact
blk.29.ffn_gate.weight: 96.805725% exact
blk.29.ffn_up.weight: 96.755718% exact
blk.29.inp_gate.weight: 96.964111% exact
blk.29.proj.weight: 97.087097% exact
blk.30.attn_output.weight: 96.663723% exact
blk.30.attn_q.weight: 96.793079% exact
blk.30.ffn_down.weight: 96.734436% exact
blk.30.ffn_gate.weight: 96.819584% exact
blk.30.ffn_up.weight: 96.732437% exact
blk.30.inp_gate.weight: 96.840973% exact
blk.30.proj.weight: 96.861725% exact
blk.31.attn_output.weight: 96.646423% exact
blk.31.attn_q.weight: 96.666298% exact
blk.31.ffn_down.weight: 96.698765% exact
blk.31.ffn_gate.weight: 96.793797% exact
blk.31.ffn_up.weight: 96.680809% exact
blk.31.inp_gate.weight: 96.963043% exact
blk.31.proj.weight: 96.588135% exact
blk.32.attn_output.weight: 96.645031% exact
blk.32.attn_q.weight: 96.759853% exact
blk.32.ffn_down.weight: 96.706367% exact
blk.32.ffn_gate.weight: 96.772884% exact
blk.32.ffn_up.weight: 96.634747% exact
blk.32.inp_gate.weight: 96.924744% exact
blk.32.proj.weight: 96.934052% exact
blk.33.attn_output.weight: 96.654911% exact
blk.33.attn_q.weight: 96.761627% exact
blk.33.ffn_down.weight: 96.675098% exact
blk.33.ffn_gate.weight: 96.787701% exact
blk.33.ffn_up.weight: 96.667690% exact
blk.33.inp_gate.weight: 96.836090% exact
blk.33.proj.weight: 97.057800% exact
blk.34.attn_output.weight: 96.676407% exact
blk.34.attn_q.weight: 96.736145% exact
blk.34.ffn_down.weight: 96.640163% exact
blk.34.ffn_gate.weight: 96.769588% exact
blk.34.ffn_up.weight: 96.635353% exact
blk.34.inp_gate.weight: 96.871796% exact
blk.34.proj.weight: 96.989899% exact
blk.35.attn_output.weight: 96.644573% exact
blk.35.attn_q.weight: 96.735992% exact
blk.35.ffn_down.weight: 96.694405% exact
blk.35.ffn_gate.weight: 96.706024% exact
blk.35.ffn_up.weight: 96.654881% exact
blk.35.inp_gate.weight: 96.953278% exact
blk.35.proj.weight: 97.007294% exact
blk.36.attn_output.weight: 96.614685% exact
blk.36.attn_q.weight: 96.689987% exact
blk.36.ffn_down.weight: 96.677582% exact
blk.36.ffn_gate.weight: 96.692745% exact
blk.36.ffn_up.weight: 96.612328% exact
blk.36.inp_gate.weight: 96.885834% exact
blk.36.proj.weight: 96.854553% exact
blk.37.attn_output.weight: 96.594219% exact
blk.37.attn_q.weight: 96.775608% exact
blk.37.ffn_down.weight: 96.651237% exact
blk.37.ffn_gate.weight: 96.715843% exact
blk.37.ffn_up.weight: 96.656597% exact
blk.37.inp_gate.weight: 96.697083% exact
blk.37.proj.weight: 97.432556% exact
blk.38.attn_output.weight: 96.600094% exact
blk.38.attn_q.weight: 96.820545% exact
blk.38.ffn_down.weight: 96.638321% exact
blk.38.ffn_gate.weight: 96.754993% exact
blk.38.ffn_up.weight: 96.664558% exact
blk.38.inp_gate.weight: 96.915741% exact
blk.38.proj.weight: 97.132111% exact
blk.39.attn_output.weight: 96.644344% exact
blk.39.attn_q.weight: 96.811447% exact
blk.39.ffn_down.weight: 96.681965% exact
blk.39.ffn_gate.weight: 96.668999% exact
blk.39.ffn_up.weight: 96.611046% exact
blk.39.inp_gate.weight: 96.771088% exact
blk.39.proj.weight: 97.280579% exact
blk.40.attn_output.weight: 96.751499% exact
blk.40.attn_q.weight: 96.791115% exact
blk.40.ffn_down.weight: 96.656109% exact
blk.40.ffn_gate.weight: 96.823654% exact
blk.40.ffn_up.weight: 96.665474% exact
blk.40.inp_gate.weight: 96.949310% exact
blk.40.proj.weight: 97.623444% exact
blk.41.attn_output.weight: 96.696949% exact
blk.41.attn_q.weight: 96.851654% exact
blk.41.ffn_down.weight: 96.770874% exact
blk.41.ffn_gate.weight: 96.825512% exact
blk.41.ffn_up.weight: 96.728241% exact
blk.41.inp_gate.weight: 96.767120% exact
blk.41.proj.weight: 96.926422% exact
rc=0 elapsed=441s peak_rss_kib=6478964
