WARNING: All log messages before absl::InitializeLog() is called are written to STDERR
I0000 00:00:1787968621.966613    7294 xplane_to_tools_data.cc:322] serving tool: tool_names with options: {} session_id: /tmp/jaxtrace/plugins/profile/2026_08_29_01_56_56
I0000 00:00:1787968621.987240    7294 xplane_hlo_fixer.cc:117] XProf HLO fixer triggered for metadata plane.
I0000 00:00:1787968622.084455    7294 xplane_hlo_fixer.cc:117] XProf HLO fixer triggered for metadata plane.
I0000 00:00:1787968622.085541    7294 xplane_to_tools_data.cc:392] serving tool: tool_names session_id: /tmp/jaxtrace/plugins/profile/2026_08_29_01_56_56 duration: 118.890304ms
I0000 00:00:1787968622.085745    7294 xplane_to_tools_data_with_profile_processor.cc:189] serving tool: kernel_stats with options: {use_saved_result:1:0;} using ProfileProcessor session_id: /tmp/jaxtrace/plugins/profile/2026_08_29_01_56_56
I0000 00:00:1787968622.085756    7294 xplane_to_tools_data_with_profile_processor.cc:235] Using local processing for tool: kernel_stats
I0000 00:00:1787968622.085760    7294 multi_xplanes_to_op_stats.cc:120] ConvertMultiXSpaceToCombinedOpStatsWithCache: Started
I0000 00:00:1787968622.085776    7294 multi_xplanes_to_op_stats.cc:138] ConvertMultiXSpaceToCombinedOpStatsWithCache: Cache miss, calling ConvertMultiXSpacesToCombinedOpStats
I0000 00:00:1787968622.085778    7294 multi_xplanes_to_op_stats.cc:46] ConvertMultiXSpacesToCombinedOpStats: Started. Number of XSpaces: 1
I0000 00:00:1787968622.085802    7294 multi_xplanes_to_op_stats.cc:56] ConvertMultiXSpacesToCombinedOpStats: Starting to process XSpace 0/1
I0000 00:00:1787968622.095900    7294 xplane_hlo_fixer.cc:117] XProf HLO fixer triggered for metadata plane.
I0000 00:00:1787968622.096597    7294 xplane_hlo_fixer.cc:117] XProf HLO fixer triggered for metadata plane.
I0000 00:00:1787968622.108069    7294 derived_timeline.cc:699] GenerateDerivedTimeLines: creating derived_timeline_trace_events XprofThreadPoolExecutor
I0000 00:00:1787968622.108083    7294 xprof_thread_pool_executor.cc:22] Creating derived_timeline_trace_events XprofThreadPoolExecutor with 1 threads.
I0000 00:00:1787968622.108213    7294 derived_timeline.cc:711] GenerateDerivedTimeLines: waiting for derived_timeline_trace_events threads to join
I0000 00:00:1787968622.112864    7294 derived_timeline.cc:715] GenerateDerivedTimeLines: derived_timeline_trace_events threads joined successfully
W0000 00:00:1787968622.285281    7294 derived_timeline.cc:596] Found derived XLine with clashing display ID: 1. This will cause rendering issues in Trace Viewer.
I0000 00:00:1787968622.285556    7294 derived_timeline.cc:764] GenerateDerivedTimeLines: creating ProcessTensorCorePlanes XprofThreadPoolExecutor
I0000 00:00:1787968622.285562    7294 xprof_thread_pool_executor.cc:22] Creating ProcessTensorCorePlanes XprofThreadPoolExecutor with 1 threads.
I0000 00:00:1787968622.285619    7294 derived_timeline.cc:775] GenerateDerivedTimeLines: waiting for ProcessTensorCorePlanes threads to join
I0000 00:00:1787968622.285685    7294 derived_timeline.cc:778] GenerateDerivedTimeLines: ProcessTensorCorePlanes threads joined successfully
I0000 00:00:1787968622.486413    7294 xplane_to_op_stats.cc:503] ConvertXSpaceToOpStats: creating op_stats_threads XprofThreadPoolExecutor
I0000 00:00:1787968622.486480    7294 xprof_thread_pool_executor.cc:22] Creating op_stats_threads XprofThreadPoolExecutor with 8 threads.
I0000 00:00:1787968622.486959    7294 xplane_to_op_stats.cc:559] ConvertXSpaceToOpStats: Scheduled 1 OpMetricsDb generation tasks.
W0000 00:00:1787968622.515112    7294 xplane_to_op_stats.cc:657] No CoreDetails found for TPU device plane: /device:GPU:0
I0000 00:00:1787968622.515250    7294 xplane_to_op_stats.cc:515] ConvertXSpaceToOpStats: Combining 1 op_metrics_dbs.
I0000 00:00:1787968622.515265    7294 xplane_to_op_stats.cc:520] ConvertXSpaceToOpStats: Finished combining op_metrics_dbs.
I0000 00:00:1787968622.552915    7294 xplane_to_op_stats.cc:785] ConvertXSpaceToOpStats: Final OpStats size: 9831 bytes (0.00937557 MiB).
I0000 00:00:1787968622.593385    7294 multi_xplanes_to_op_stats.cc:68] ConvertMultiXSpacesToCombinedOpStats: Finished processing XSpace 0.
I0000 00:00:1787968622.593593    7294 multi_xplanes_to_op_stats.cc:73] ConvertMultiXSpacesToCombinedOpStats: Finished extracting all 1 OpStats. Time: 507.829542ms
I0000 00:00:1787968622.593613    7294 multi_xplanes_to_op_stats.cc:86] ConvertMultiXSpacesToCombinedOpStats: Starting ComputeStepIntersectionToMergeOpStats.
I0000 00:00:1787968622.593616    7294 multi_xplanes_to_op_stats.cc:95] ConvertMultiXSpacesToCombinedOpStats: Finished ComputeStepIntersectionToMergeOpStats in 1.31us
I0000 00:00:1787968622.593619    7294 multi_xplanes_to_op_stats.cc:100] ConvertMultiXSpacesToCombinedOpStats: Starting CombineAllOpStats.
I0000 00:00:1787968622.593659    7294 multi_xplanes_to_op_stats.cc:107] ConvertMultiXSpacesToCombinedOpStats: Finished CombineAllOpStats in 38.222us
I0000 00:00:1787968622.593662    7294 multi_xplanes_to_op_stats.cc:110] ConvertMultiXSpacesToCombinedOpStats: Overall Finished in 507.883834ms
I0000 00:00:1787968622.593686    7294 multi_xplanes_to_op_stats.cc:142] ConvertMultiXSpaceToCombinedOpStatsWithCache: Starting to write cache file.
I0000 00:00:1787968622.593792    7294 multi_xplanes_to_op_stats.cc:149] ConvertMultiXSpaceToCombinedOpStatsWithCache: Finished writing cache file.
I0000 00:00:1787968622.593797    7294 multi_xplanes_to_op_stats.cc:153] ConvertMultiXSpaceToCombinedOpStatsWithCache: Overall Finished in 508.038572ms for device: Nvidia GPU (Ada Lovelace)
I0000 00:00:1787968622.594519    7294 xplane_to_tools_data_with_profile_processor.cc:240] Total time for tool kernel_stats: 508.771698ms session_id: /tmp/jaxtrace/plugins/profile/2026_08_29_01_56_56
I0000 00:00:1787968622.594745    7294 xplane_to_tools_data_with_profile_processor.cc:189] serving tool: memory_profile with options: {use_saved_result:1:0;} using ProfileProcessor session_id: /tmp/jaxtrace/plugins/profile/2026_08_29_01_56_56
I0000 00:00:1787968622.594755    7294 xplane_to_tools_data_with_profile_processor.cc:235] Using local processing for tool: memory_profile
I0000 00:00:1787968622.594758    7294 memory_profile_processor.cc:47] Processing memory profile for host: ip-172-31-38-98
I0000 00:00:1787968622.604893    7294 xplane_hlo_fixer.cc:117] XProf HLO fixer triggered for metadata plane.
I0000 00:00:1787968622.605878    7294 xplane_hlo_fixer.cc:117] XProf HLO fixer triggered for metadata plane.
I0000 00:00:1787968622.621078    7294 xplane_to_tools_data_with_profile_processor.cc:240] Total time for tool memory_profile: 26.336023ms session_id: /tmp/jaxtrace/plugins/profile/2026_08_29_01_56_56
I0000 00:00:1787968622.621383    7294 xplane_to_tools_data_with_profile_processor.cc:189] serving tool: roofline_model with options: {use_saved_result:1:0;} using ProfileProcessor session_id: /tmp/jaxtrace/plugins/profile/2026_08_29_01_56_56
I0000 00:00:1787968622.621395    7294 xplane_to_tools_data_with_profile_processor.cc:235] Using local processing for tool: roofline_model
I0000 00:00:1787968622.621399    7294 multi_xplanes_to_op_stats.cc:120] ConvertMultiXSpaceToCombinedOpStatsWithCache: Started
I0000 00:00:1787968622.621411    7294 multi_xplanes_to_op_stats.cc:130] ConvertMultiXSpaceToCombinedOpStatsWithCache: Cache hit, reading binary proto
I0000 00:00:1787968622.621484    7294 multi_xplanes_to_op_stats.cc:135] ConvertMultiXSpaceToCombinedOpStatsWithCache: Finished reading cache file.
I0000 00:00:1787968622.621488    7294 multi_xplanes_to_op_stats.cc:153] ConvertMultiXSpaceToCombinedOpStatsWithCache: Overall Finished in 89.854us for device: Nvidia GPU (Ada Lovelace)
I0000 00:00:1787968622.621693    7294 xplane_to_tools_data_with_profile_processor.cc:240] Total time for tool roofline_model: 302.345us session_id: /tmp/jaxtrace/plugins/profile/2026_08_29_01_56_56
xplane files: ['/tmp/jaxtrace/plugins/profile/2026_08_29_01_56_56/ip-172-31-38-98.xplane.pb']
tools: ['trace_viewer@', 'overview_page', 'input_pipeline_analyzer', 'framework_op_stats', 'memory_profile', 'op_profile', 'hlo_stats', 'roofline_model', 'kernel_stats', 'memory_viewer', 'graph_viewer']
wrote kernel_stats
wrote memory_profile
wrote roofline_model
