Traffic request rate: inf
Burstiness factor: 1.0 (Poisson process)
Maximum request concurrency: 8

  0%|          | 0/32 [00:00<?, ?it/s]
  3%|▎         | 1/32 [00:17<08:49, 17.07s/it]
 28%|██▊       | 9/32 [00:34<01:16,  3.34s/it]
 53%|█████▎    | 17/32 [00:51<00:39,  2.65s/it]
 78%|███████▊  | 25/32 [01:08<00:16,  2.42s/it]
100%|██████████| 32/32 [01:08<00:00,  2.13s/it]
tip: install termplotlib and gnuplot to plot the metrics
============ Serving Benchmark Result ============
Successful requests:                     32        
Failed requests:                         0         
Maximum request concurrency:             8         
Benchmark duration (s):                  68.26     
Total input tokens:                      32768     
Total generated tokens:                  16384     
Request throughput (req/s):              0.47      
Output token throughput (tok/s):         240.03    
Peak output token throughput (tok/s):    248.00    
Peak concurrent requests:                16.00     
Total token throughput (tok/s):          720.08    
---------------Time to First Token----------------
Mean TTFT (ms):                          124.60    
Median TTFT (ms):                        131.23    
P99 TTFT (ms):                           145.95    
-----Time per Output Token (excl. 1st token)------
Mean TPOT (ms):                          33.14     
Median TPOT (ms):                        33.16     
P99 TPOT (ms):                           33.30     
---------------Inter-token Latency----------------
Mean ITL (ms):                           33.14     
Median ITL (ms):                         33.33     
P99 ITL (ms):                            37.57     
==================================================
