Traffic request rate: inf
Burstiness factor: 1.0 (Poisson process)
Maximum request concurrency: 64

  0%|          | 0/256 [00:00<?, ?it/s]
  0%|          | 1/256 [00:22<1:36:35, 22.73s/it]
  1%|          | 2/256 [00:22<39:57,  9.44s/it]  
 13%|█▎        | 33/256 [00:22<01:18,  2.84it/s]
 25%|██▌       | 64/256 [00:40<01:07,  2.84it/s]
 25%|██▌       | 65/256 [00:45<01:46,  1.79it/s]
 26%|██▌       | 66/256 [00:45<01:44,  1.83it/s]
 42%|████▏     | 108/256 [00:45<00:32,  4.57it/s]
 50%|█████     | 128/256 [01:00<00:27,  4.57it/s]
 50%|█████     | 129/256 [01:08<01:00,  2.10it/s]
 51%|█████     | 130/256 [01:08<00:59,  2.13it/s]
 63%|██████▎   | 162/256 [01:08<00:23,  4.07it/s]
 75%|███████▌  | 192/256 [01:20<00:15,  4.07it/s]
 75%|███████▌  | 193/256 [01:30<00:27,  2.29it/s]
 76%|███████▌  | 194/256 [01:31<00:26,  2.32it/s]
 92%|█████████▏| 236/256 [01:31<00:04,  4.79it/s]
100%|██████████| 256/256 [01:31<00:00,  2.81it/s]
tip: install termplotlib and gnuplot to plot the metrics
============ Serving Benchmark Result ============
Successful requests:                     256       
Failed requests:                         0         
Maximum request concurrency:             64        
Benchmark duration (s):                  91.25     
Total input tokens:                      262144    
Total generated tokens:                  131072    
Request throughput (req/s):              2.81      
Output token throughput (tok/s):         1436.34   
Peak output token throughput (tok/s):    1482.00   
Peak concurrent requests:                128.00    
Total token throughput (tok/s):          4309.03   
---------------Time to First Token----------------
Mean TTFT (ms):                          276.68    
Median TTFT (ms):                        252.05    
P99 TTFT (ms):                           486.68    
-----Time per Output Token (excl. 1st token)------
Mean TPOT (ms):                          44.07     
Median TPOT (ms):                        44.05     
P99 TPOT (ms):                           44.33     
---------------Inter-token Latency----------------
Mean ITL (ms):                           44.07     
Median ITL (ms):                         43.91     
P99 ITL (ms):                            47.94     
==================================================
