Traffic request rate: inf
Burstiness factor: 1.0 (Poisson process)
Maximum request concurrency: 8

  0%|          | 0/32 [00:00<?, ?it/s]
  3%|▎         | 1/32 [00:05<02:56,  5.69s/it]
 28%|██▊       | 9/32 [00:10<00:22,  1.03it/s]
 53%|█████▎    | 17/32 [00:14<00:11,  1.36it/s]
 78%|███████▊  | 25/32 [00:19<00:04,  1.51it/s]
100%|██████████| 32/32 [00:19<00:00,  1.67it/s]
tip: install termplotlib and gnuplot to plot the metrics
============ Serving Benchmark Result ============
Successful requests:                     32        
Failed requests:                         0         
Maximum request concurrency:             8         
Benchmark duration (s):                  19.16     
Total input tokens:                      32768     
Total generated tokens:                  16384     
Request throughput (req/s):              1.67      
Output token throughput (tok/s):         855.21    
Peak output token throughput (tok/s):    992.00    
Peak concurrent requests:                16.00     
Total token throughput (tok/s):          2565.63   
---------------Time to First Token----------------
Mean TTFT (ms):                          593.75    
Median TTFT (ms):                        313.75    
P99 TTFT (ms):                           1559.22   
-----Time per Output Token (excl. 1st token)------
Mean TPOT (ms):                          8.21      
Median TPOT (ms):                        8.17      
P99 TPOT (ms):                           8.71      
---------------Inter-token Latency----------------
Mean ITL (ms):                           8.21      
Median ITL (ms):                         8.08      
P99 ITL (ms):                            8.75      
==================================================
