Traffic request rate: inf
Burstiness factor: 1.0 (Poisson process)
Maximum request concurrency: 64

  0%|          | 0/256 [00:00<?, ?it/s]
  0%|          | 1/256 [00:11<49:43, 11.70s/it]
  2%|▏         | 6/256 [00:11<06:04,  1.46s/it]
 11%|█▏        | 29/256 [00:11<00:50,  4.50it/s]
 18%|█▊        | 45/256 [00:12<00:27,  7.76it/s]
 24%|██▍       | 61/256 [00:12<00:17, 10.95it/s]
 26%|██▌       | 67/256 [00:23<01:14,  2.54it/s]
 36%|███▋      | 93/256 [00:23<00:31,  5.18it/s]
 42%|████▏     | 108/256 [00:24<00:20,  7.09it/s]
 48%|████▊     | 124/256 [00:24<00:14,  9.30it/s]
 51%|█████     | 130/256 [00:35<00:44,  2.83it/s]
 61%|██████▏   | 157/256 [00:35<00:18,  5.34it/s]
 67%|██████▋   | 172/256 [00:36<00:11,  7.08it/s]
 73%|███████▎  | 187/256 [00:36<00:07,  8.96it/s]
 75%|███████▌  | 193/256 [00:47<00:21,  2.87it/s]
 86%|████████▋ | 221/256 [00:47<00:06,  5.48it/s]
100%|██████████| 256/256 [00:47<00:00,  5.36it/s]
tip: install termplotlib and gnuplot to plot the metrics
============ Serving Benchmark Result ============
Successful requests:                     256       
Failed requests:                         0         
Maximum request concurrency:             64        
Benchmark duration (s):                  47.76     
Total input tokens:                      262144    
Total generated tokens:                  131072    
Request throughput (req/s):              5.36      
Output token throughput (tok/s):         2744.55   
Peak output token throughput (tok/s):    3520.00   
Peak concurrent requests:                107.00    
Total token throughput (tok/s):          8233.64   
---------------Time to First Token----------------
Mean TTFT (ms):                          1229.82   
Median TTFT (ms):                        1383.44   
P99 TTFT (ms):                           2341.89   
-----Time per Output Token (excl. 1st token)------
Mean TPOT (ms):                          20.94     
Median TPOT (ms):                        20.71     
P99 TPOT (ms):                           23.10     
---------------Inter-token Latency----------------
Mean ITL (ms):                           20.94     
Median ITL (ms):                         18.92     
P99 ITL (ms):                            25.53     
==================================================
