health: {}
decode-source: stream -> stream
c=1      32.49 tok/s aggregate  TTFT    530.8 ms  TPOT  24.43 ms  per-stream  40.93
c=2      52.70 tok/s aggregate  TTFT    774.6 ms  TPOT  28.48 ms  per-stream  35.48
c=4      76.13 tok/s aggregate  TTFT   1866.9 ms  TPOT  29.46 ms  per-stream  33.95
c=8     100.28 tok/s aggregate  TTFT   2583.7 ms  TPOT  46.98 ms  per-stream  21.94
c=16    100.40 tok/s aggregate  TTFT   5237.8 ms  TPOT  48.48 ms  per-stream  21.18
c=32     99.01 tok/s aggregate  TTFT  11740.2 ms  TPOT  57.39 ms  per-stream  17.43

{
  "levels": [
    1,
    2,
    4,
    8,
    16,
    32
  ],
  "peak_output_tokens_per_second": 100.399,
  "peak_at_concurrency": 16,
  "scaling_1_to_peak": 3.09
}

--- stderr ---
