WARNING: All log messages before absl::InitializeLog() is called are written to STDERR
I0000 00:00:1787941378.850697    5865 xplane_to_tools_data.cc:322] serving tool: tool_names with options: {} session_id: /tmp/jaxtrace/plugins/profile/2026_08_28_18_22_48
I0000 00:00:1787941378.876215    5865 xplane_hlo_fixer.cc:117] XProf HLO fixer triggered for metadata plane.
I0000 00:00:1787941378.999349    5865 xplane_hlo_fixer.cc:117] XProf HLO fixer triggered for metadata plane.
I0000 00:00:1787941379.000510    5865 xplane_to_tools_data.cc:392] serving tool: tool_names session_id: /tmp/jaxtrace/plugins/profile/2026_08_28_18_22_48 duration: 149.760961ms
I0000 00:00:1787941379.000762    5865 xplane_to_tools_data_with_profile_processor.cc:189] serving tool: kernel_stats with options: {use_saved_result:1:0;} using ProfileProcessor session_id: /tmp/jaxtrace/plugins/profile/2026_08_28_18_22_48
I0000 00:00:1787941379.000781    5865 xplane_to_tools_data_with_profile_processor.cc:235] Using local processing for tool: kernel_stats
I0000 00:00:1787941379.000787    5865 multi_xplanes_to_op_stats.cc:120] ConvertMultiXSpaceToCombinedOpStatsWithCache: Started
I0000 00:00:1787941379.000808    5865 multi_xplanes_to_op_stats.cc:138] ConvertMultiXSpaceToCombinedOpStatsWithCache: Cache miss, calling ConvertMultiXSpacesToCombinedOpStats
I0000 00:00:1787941379.000813    5865 multi_xplanes_to_op_stats.cc:46] ConvertMultiXSpacesToCombinedOpStats: Started. Number of XSpaces: 1
I0000 00:00:1787941379.000824    5865 multi_xplanes_to_op_stats.cc:56] ConvertMultiXSpacesToCombinedOpStats: Starting to process XSpace 0/1
I0000 00:00:1787941379.023922    5865 xplane_hlo_fixer.cc:117] XProf HLO fixer triggered for metadata plane.
I0000 00:00:1787941379.024901    5865 xplane_hlo_fixer.cc:117] XProf HLO fixer triggered for metadata plane.
I0000 00:00:1787941379.055060    5865 derived_timeline.cc:699] GenerateDerivedTimeLines: creating derived_timeline_trace_events XprofThreadPoolExecutor
I0000 00:00:1787941379.055090    5865 xprof_thread_pool_executor.cc:22] Creating derived_timeline_trace_events XprofThreadPoolExecutor with 1 threads.
I0000 00:00:1787941379.055200    5865 derived_timeline.cc:711] GenerateDerivedTimeLines: waiting for derived_timeline_trace_events threads to join
I0000 00:00:1787941379.063103    5865 derived_timeline.cc:715] GenerateDerivedTimeLines: derived_timeline_trace_events threads joined successfully
W0000 00:00:1787941379.372527    5865 derived_timeline.cc:596] Found derived XLine with clashing display ID: 1. This will cause rendering issues in Trace Viewer.
I0000 00:00:1787941379.373032    5865 derived_timeline.cc:764] GenerateDerivedTimeLines: creating ProcessTensorCorePlanes XprofThreadPoolExecutor
I0000 00:00:1787941379.373045    5865 xprof_thread_pool_executor.cc:22] Creating ProcessTensorCorePlanes XprofThreadPoolExecutor with 1 threads.
I0000 00:00:1787941379.373105    5865 derived_timeline.cc:775] GenerateDerivedTimeLines: waiting for ProcessTensorCorePlanes threads to join
I0000 00:00:1787941379.373164    5865 derived_timeline.cc:778] GenerateDerivedTimeLines: ProcessTensorCorePlanes threads joined successfully
I0000 00:00:1787941379.814746    5865 xplane_to_op_stats.cc:503] ConvertXSpaceToOpStats: creating op_stats_threads XprofThreadPoolExecutor
I0000 00:00:1787941379.814833    5865 xprof_thread_pool_executor.cc:22] Creating op_stats_threads XprofThreadPoolExecutor with 8 threads.
I0000 00:00:1787941379.815432    5865 xplane_to_op_stats.cc:559] ConvertXSpaceToOpStats: Scheduled 1 OpMetricsDb generation tasks.
W0000 00:00:1787941379.890038    5865 xplane_to_op_stats.cc:657] No CoreDetails found for TPU device plane: /device:GPU:0
I0000 00:00:1787941379.890282    5865 xplane_to_op_stats.cc:515] ConvertXSpaceToOpStats: Combining 1 op_metrics_dbs.
I0000 00:00:1787941379.890302    5865 xplane_to_op_stats.cc:520] ConvertXSpaceToOpStats: Finished combining op_metrics_dbs.
I0000 00:00:1787941379.953316    5865 xplane_to_op_stats.cc:785] ConvertXSpaceToOpStats: Final OpStats size: 13608 bytes (0.0129776 MiB).
I0000 00:00:1787941380.028461    5865 multi_xplanes_to_op_stats.cc:68] ConvertMultiXSpacesToCombinedOpStats: Finished processing XSpace 0.
I0000 00:00:1787941380.028841    5865 multi_xplanes_to_op_stats.cc:73] ConvertMultiXSpacesToCombinedOpStats: Finished extracting all 1 OpStats. Time: 1.028051524s
I0000 00:00:1787941380.028880    5865 multi_xplanes_to_op_stats.cc:86] ConvertMultiXSpacesToCombinedOpStats: Starting ComputeStepIntersectionToMergeOpStats.
I0000 00:00:1787941380.028884    5865 multi_xplanes_to_op_stats.cc:95] ConvertMultiXSpacesToCombinedOpStats: Finished ComputeStepIntersectionToMergeOpStats in 1.805us
I0000 00:00:1787941380.028888    5865 multi_xplanes_to_op_stats.cc:100] ConvertMultiXSpacesToCombinedOpStats: Starting CombineAllOpStats.
I0000 00:00:1787941380.028967    5865 multi_xplanes_to_op_stats.cc:107] ConvertMultiXSpacesToCombinedOpStats: Finished CombineAllOpStats in 77.742us
I0000 00:00:1787941380.028972    5865 multi_xplanes_to_op_stats.cc:110] ConvertMultiXSpacesToCombinedOpStats: Overall Finished in 1.028160346s
I0000 00:00:1787941380.029024    5865 multi_xplanes_to_op_stats.cc:142] ConvertMultiXSpaceToCombinedOpStatsWithCache: Starting to write cache file.
I0000 00:00:1787941380.029155    5865 multi_xplanes_to_op_stats.cc:149] ConvertMultiXSpaceToCombinedOpStatsWithCache: Finished writing cache file.
I0000 00:00:1787941380.029166    5865 multi_xplanes_to_op_stats.cc:153] ConvertMultiXSpaceToCombinedOpStatsWithCache: Overall Finished in 1.028380214s for device: Nvidia GPU (Turing)
I0000 00:00:1787941380.030894    5865 xplane_to_tools_data_with_profile_processor.cc:240] Total time for tool kernel_stats: 1.030126927s session_id: /tmp/jaxtrace/plugins/profile/2026_08_28_18_22_48
I0000 00:00:1787941380.031182    5865 xplane_to_tools_data_with_profile_processor.cc:189] serving tool: memory_profile with options: {use_saved_result:1:0;} using ProfileProcessor session_id: /tmp/jaxtrace/plugins/profile/2026_08_28_18_22_48
I0000 00:00:1787941380.031200    5865 xplane_to_tools_data_with_profile_processor.cc:235] Using local processing for tool: memory_profile
I0000 00:00:1787941380.031205    5865 memory_profile_processor.cc:47] Processing memory profile for host: ip-172-31-10-128
I0000 00:00:1787941380.054461    5865 xplane_hlo_fixer.cc:117] XProf HLO fixer triggered for metadata plane.
I0000 00:00:1787941380.055500    5865 xplane_hlo_fixer.cc:117] XProf HLO fixer triggered for metadata plane.
I0000 00:00:1787941380.093715    5865 xplane_to_tools_data_with_profile_processor.cc:240] Total time for tool memory_profile: 62.54004ms session_id: /tmp/jaxtrace/plugins/profile/2026_08_28_18_22_48
I0000 00:00:1787941380.094070    5865 xplane_to_tools_data_with_profile_processor.cc:189] serving tool: roofline_model with options: {use_saved_result:1:0;} using ProfileProcessor session_id: /tmp/jaxtrace/plugins/profile/2026_08_28_18_22_48
I0000 00:00:1787941380.094090    5865 xplane_to_tools_data_with_profile_processor.cc:235] Using local processing for tool: roofline_model
I0000 00:00:1787941380.094096    5865 multi_xplanes_to_op_stats.cc:120] ConvertMultiXSpaceToCombinedOpStatsWithCache: Started
I0000 00:00:1787941380.094113    5865 multi_xplanes_to_op_stats.cc:130] ConvertMultiXSpaceToCombinedOpStatsWithCache: Cache hit, reading binary proto
I0000 00:00:1787941380.094248    5865 multi_xplanes_to_op_stats.cc:135] ConvertMultiXSpaceToCombinedOpStatsWithCache: Finished reading cache file.
I0000 00:00:1787941380.094254    5865 multi_xplanes_to_op_stats.cc:153] ConvertMultiXSpaceToCombinedOpStatsWithCache: Overall Finished in 158.979us for device: Nvidia GPU (Turing)
I0000 00:00:1787941380.094648    5865 xplane_to_tools_data_with_profile_processor.cc:240] Total time for tool roofline_model: 567.25us session_id: /tmp/jaxtrace/plugins/profile/2026_08_28_18_22_48
xplane files: ['/tmp/jaxtrace/plugins/profile/2026_08_28_18_22_48/ip-172-31-10-128.xplane.pb']
tools: ['trace_viewer@', 'overview_page', 'input_pipeline_analyzer', 'framework_op_stats', 'memory_profile', 'op_profile', 'hlo_stats', 'roofline_model', 'kernel_stats', 'memory_viewer', 'graph_viewer']
wrote kernel_stats
wrote memory_profile
wrote roofline_model
