WARNING: All log messages before absl::InitializeLog() is called are written to STDERR
I0000 00:00:1788030961.945135    4009 xplane_to_tools_data.cc:322] serving tool: tool_names with options: {} session_id: /tmp/jaxtrace/plugins/profile/2026_08_29_19_15_56
I0000 00:00:1788030961.978723    4009 xplane_hlo_fixer.cc:117] XProf HLO fixer triggered for metadata plane.
I0000 00:00:1788030962.117288    4009 xplane_hlo_fixer.cc:117] XProf HLO fixer triggered for metadata plane.
I0000 00:00:1788030962.119601    4009 xplane_to_tools_data.cc:392] serving tool: tool_names session_id: /tmp/jaxtrace/plugins/profile/2026_08_29_19_15_56 duration: 174.423898ms
I0000 00:00:1788030962.119817    4009 xplane_to_tools_data_with_profile_processor.cc:189] serving tool: kernel_stats with options: {use_saved_result:1:0;} using ProfileProcessor session_id: /tmp/jaxtrace/plugins/profile/2026_08_29_19_15_56
I0000 00:00:1788030962.119828    4009 xplane_to_tools_data_with_profile_processor.cc:235] Using local processing for tool: kernel_stats
I0000 00:00:1788030962.119831    4009 multi_xplanes_to_op_stats.cc:120] ConvertMultiXSpaceToCombinedOpStatsWithCache: Started
I0000 00:00:1788030962.119849    4009 multi_xplanes_to_op_stats.cc:138] ConvertMultiXSpaceToCombinedOpStatsWithCache: Cache miss, calling ConvertMultiXSpacesToCombinedOpStats
I0000 00:00:1788030962.119851    4009 multi_xplanes_to_op_stats.cc:46] ConvertMultiXSpacesToCombinedOpStats: Started. Number of XSpaces: 1
I0000 00:00:1788030962.119872    4009 multi_xplanes_to_op_stats.cc:56] ConvertMultiXSpacesToCombinedOpStats: Starting to process XSpace 0/1
I0000 00:00:1788030962.138181    4009 xplane_hlo_fixer.cc:117] XProf HLO fixer triggered for metadata plane.
I0000 00:00:1788030962.139753    4009 xplane_hlo_fixer.cc:117] XProf HLO fixer triggered for metadata plane.
I0000 00:00:1788030962.163947    4009 derived_timeline.cc:699] GenerateDerivedTimeLines: creating derived_timeline_trace_events XprofThreadPoolExecutor
I0000 00:00:1788030962.163971    4009 xprof_thread_pool_executor.cc:22] Creating derived_timeline_trace_events XprofThreadPoolExecutor with 1 threads.
I0000 00:00:1788030962.164713    4009 derived_timeline.cc:711] GenerateDerivedTimeLines: waiting for derived_timeline_trace_events threads to join
I0000 00:00:1788030962.173208    4009 derived_timeline.cc:715] GenerateDerivedTimeLines: derived_timeline_trace_events threads joined successfully
W0000 00:00:1788030962.435516    4009 derived_timeline.cc:596] Found derived XLine with clashing display ID: 1. This will cause rendering issues in Trace Viewer.
I0000 00:00:1788030962.435904    4009 derived_timeline.cc:764] GenerateDerivedTimeLines: creating ProcessTensorCorePlanes XprofThreadPoolExecutor
I0000 00:00:1788030962.435915    4009 xprof_thread_pool_executor.cc:22] Creating ProcessTensorCorePlanes XprofThreadPoolExecutor with 1 threads.
I0000 00:00:1788030962.435983    4009 derived_timeline.cc:775] GenerateDerivedTimeLines: waiting for ProcessTensorCorePlanes threads to join
I0000 00:00:1788030962.436038    4009 derived_timeline.cc:778] GenerateDerivedTimeLines: ProcessTensorCorePlanes threads joined successfully
I0000 00:00:1788030962.753448    4009 xplane_to_op_stats.cc:503] ConvertXSpaceToOpStats: creating op_stats_threads XprofThreadPoolExecutor
I0000 00:00:1788030962.754085    4009 xprof_thread_pool_executor.cc:22] Creating op_stats_threads XprofThreadPoolExecutor with 4 threads.
I0000 00:00:1788030962.754435    4009 xplane_to_op_stats.cc:559] ConvertXSpaceToOpStats: Scheduled 1 OpMetricsDb generation tasks.
W0000 00:00:1788030962.819995    4009 xplane_to_op_stats.cc:657] No CoreDetails found for TPU device plane: /device:GPU:0
I0000 00:00:1788030962.820172    4009 xplane_to_op_stats.cc:515] ConvertXSpaceToOpStats: Combining 1 op_metrics_dbs.
I0000 00:00:1788030962.820186    4009 xplane_to_op_stats.cc:520] ConvertXSpaceToOpStats: Finished combining op_metrics_dbs.
I0000 00:00:1788030962.875978    4009 xplane_to_op_stats.cc:785] ConvertXSpaceToOpStats: Final OpStats size: 13029 bytes (0.0124254 MiB).
I0000 00:00:1788030962.947938    4009 multi_xplanes_to_op_stats.cc:68] ConvertMultiXSpacesToCombinedOpStats: Finished processing XSpace 0.
I0000 00:00:1788030962.948297    4009 multi_xplanes_to_op_stats.cc:73] ConvertMultiXSpacesToCombinedOpStats: Finished extracting all 1 OpStats. Time: 828.482602ms
I0000 00:00:1788030962.948343    4009 multi_xplanes_to_op_stats.cc:86] ConvertMultiXSpacesToCombinedOpStats: Starting ComputeStepIntersectionToMergeOpStats.
I0000 00:00:1788030962.948346    4009 multi_xplanes_to_op_stats.cc:95] ConvertMultiXSpacesToCombinedOpStats: Finished ComputeStepIntersectionToMergeOpStats in 1.333us
I0000 00:00:1788030962.948349    4009 multi_xplanes_to_op_stats.cc:100] ConvertMultiXSpacesToCombinedOpStats: Starting CombineAllOpStats.
I0000 00:00:1788030962.948432    4009 multi_xplanes_to_op_stats.cc:107] ConvertMultiXSpacesToCombinedOpStats: Finished CombineAllOpStats in 82.198us
I0000 00:00:1788030962.948435    4009 multi_xplanes_to_op_stats.cc:110] ConvertMultiXSpacesToCombinedOpStats: Overall Finished in 828.584461ms
I0000 00:00:1788030962.948479    4009 multi_xplanes_to_op_stats.cc:142] ConvertMultiXSpaceToCombinedOpStatsWithCache: Starting to write cache file.
I0000 00:00:1788030962.948599    4009 multi_xplanes_to_op_stats.cc:149] ConvertMultiXSpaceToCombinedOpStatsWithCache: Finished writing cache file.
I0000 00:00:1788030962.948607    4009 multi_xplanes_to_op_stats.cc:153] ConvertMultiXSpaceToCombinedOpStatsWithCache: Overall Finished in 828.776604ms for device: Nvidia GPU (Turing)
I0000 00:00:1788030962.949963    4009 xplane_to_tools_data_with_profile_processor.cc:240] Total time for tool kernel_stats: 830.15252ms session_id: /tmp/jaxtrace/plugins/profile/2026_08_29_19_15_56
I0000 00:00:1788030962.950226    4009 xplane_to_tools_data_with_profile_processor.cc:189] serving tool: memory_profile with options: {use_saved_result:1:0;} using ProfileProcessor session_id: /tmp/jaxtrace/plugins/profile/2026_08_29_19_15_56
I0000 00:00:1788030962.950237    4009 xplane_to_tools_data_with_profile_processor.cc:235] Using local processing for tool: memory_profile
I0000 00:00:1788030962.950240    4009 memory_profile_processor.cc:47] Processing memory profile for host: ip-172-31-27-136
I0000 00:00:1788030962.969054    4009 xplane_hlo_fixer.cc:117] XProf HLO fixer triggered for metadata plane.
I0000 00:00:1788030962.971261    4009 xplane_hlo_fixer.cc:117] XProf HLO fixer triggered for metadata plane.
I0000 00:00:1788030962.998823    4009 xplane_to_tools_data_with_profile_processor.cc:240] Total time for tool memory_profile: 48.613647ms session_id: /tmp/jaxtrace/plugins/profile/2026_08_29_19_15_56
I0000 00:00:1788030962.999197    4009 xplane_to_tools_data_with_profile_processor.cc:189] serving tool: roofline_model with options: {use_saved_result:1:0;} using ProfileProcessor session_id: /tmp/jaxtrace/plugins/profile/2026_08_29_19_15_56
I0000 00:00:1788030962.999210    4009 xplane_to_tools_data_with_profile_processor.cc:235] Using local processing for tool: roofline_model
I0000 00:00:1788030962.999214    4009 multi_xplanes_to_op_stats.cc:120] ConvertMultiXSpaceToCombinedOpStatsWithCache: Started
I0000 00:00:1788030962.999226    4009 multi_xplanes_to_op_stats.cc:130] ConvertMultiXSpaceToCombinedOpStatsWithCache: Cache hit, reading binary proto
I0000 00:00:1788030962.999336    4009 multi_xplanes_to_op_stats.cc:135] ConvertMultiXSpaceToCombinedOpStatsWithCache: Finished reading cache file.
I0000 00:00:1788030962.999339    4009 multi_xplanes_to_op_stats.cc:153] ConvertMultiXSpaceToCombinedOpStatsWithCache: Overall Finished in 126.025us for device: Nvidia GPU (Turing)
I0000 00:00:1788030963.001039    4009 xplane_to_tools_data_with_profile_processor.cc:240] Total time for tool roofline_model: 1.83736ms session_id: /tmp/jaxtrace/plugins/profile/2026_08_29_19_15_56
xplane files: ['/tmp/jaxtrace/plugins/profile/2026_08_29_19_15_56/ip-172-31-27-136.xplane.pb']
tools: ['trace_viewer@', 'overview_page', 'input_pipeline_analyzer', 'framework_op_stats', 'memory_profile', 'op_profile', 'hlo_stats', 'roofline_model', 'kernel_stats', 'memory_viewer', 'graph_viewer']
wrote kernel_stats
wrote memory_profile
wrote roofline_model
