
[cell] input~32 output=32
    warmup   18.35s  in=41 bucket=64 pad=23 cold=True
    run 1      2.72s  decode=12.8 tok/s  prefill=154.8 ms  cold=False
    run 2      2.69s  decode=12.8 tok/s  prefill=136.1 ms  cold=False
    run 3      2.70s  decode=12.8 tok/s  prefill=138.2 ms  cold=False

[cell] input~128 output=32
    warmup   16.00s  in=137 bucket=256 pad=119 cold=True
    run 1      2.86s  decode=13.0 tok/s  prefill=347.3 ms  cold=False
    run 2      2.82s  decode=13.1 tok/s  prefill=324.8 ms  cold=False
    run 3      2.84s  decode=13.0 tok/s  prefill=328.9 ms  cold=False

[cell] input~512 output=32
    warmup   17.29s  in=521 bucket=640 pad=119 cold=True
    run 1      3.30s  decode=13.0 tok/s  prefill=770.6 ms  cold=False
    run 2      3.29s  decode=12.9 tok/s  prefill=757.3 ms  cold=False
    run 3      3.30s  decode=12.9 tok/s  prefill=761.9 ms  cold=False

[cell] input~1024 output=32
    warmup   18.53s  in=1033 bucket=1152 pad=119 cold=True
    run 1      4.07s  decode=12.9 tok/s  prefill=1539.1 ms  cold=False
    run 2      4.07s  decode=13.0 tok/s  prefill=1535.8 ms  cold=False
    run 3      4.09s  decode=12.9 tok/s  prefill=1549.2 ms  cold=False

[cell] input~2048 output=32
    warmup   23.13s  in=2057 bucket=2176 pad=119 cold=True
    run 1      5.49s  decode=12.9 tok/s  prefill=2945.2 ms  cold=False
    run 2      5.50s  decode=12.9 tok/s  prefill=2960.4 ms  cold=False
    run 3      5.51s  decode=13.0 tok/s  prefill=2981.4 ms  cold=False

[cell] input~4096 output=32
    warmup   26.28s  in=4105 bucket=4224 pad=119 cold=True
    run 1      8.84s  decode=12.9 tok/s  prefill=6243.0 ms  cold=False
    run 2      8.89s  decode=12.9 tok/s  prefill=6300.8 ms  cold=False
    run 3      8.85s  decode=12.8 tok/s  prefill=6266.2 ms  cold=False

[cell] input~32 output=128
    warmup   22.82s  in=41 bucket=64 pad=23 cold=True
    run 1     10.23s  decode=12.8 tok/s  prefill=153.9 ms  cold=False
    run 2     10.22s  decode=12.8 tok/s  prefill=134.0 ms  cold=False
    run 3     10.22s  decode=12.8 tok/s  prefill=134.1 ms  cold=False

[cell] input~128 output=128
    warmup   21.37s  in=137 bucket=256 pad=119 cold=True
    run 1      8.84s  decode=12.7 tok/s  prefill=346.0 ms  cold=False
    run 2      8.85s  decode=12.6 tok/s  prefill=326.1 ms  cold=False
    run 3      8.88s  decode=12.6 tok/s  prefill=326.1 ms  cold=False

[cell] input~512 output=128
    warmup   21.52s  in=521 bucket=640 pad=119 cold=True
    run 1      7.66s  decode=12.6 tok/s  prefill=761.3 ms  cold=False
    run 2      7.58s  decode=12.7 tok/s  prefill=749.6 ms  cold=False
    run 3      7.59s  decode=12.7 tok/s  prefill=752.3 ms  cold=False

[cell] input~1024 output=128
    warmup   21.42s  in=1033 bucket=1152 pad=119 cold=True
    run 1      8.58s  decode=12.7 tok/s  prefill=1526.1 ms  cold=False
    run 2      8.60s  decode=12.7 tok/s  prefill=1539.3 ms  cold=False
    run 3      8.59s  decode=12.7 tok/s  prefill=1530.2 ms  cold=False

[cell] input~2048 output=128
    warmup   23.30s  in=2057 bucket=2176 pad=119 cold=True
    run 1     10.43s  decode=12.7 tok/s  prefill=2942.9 ms  cold=False
    run 2     10.43s  decode=12.7 tok/s  prefill=2941.7 ms  cold=False
    run 3     10.41s  decode=12.7 tok/s  prefill=2924.5 ms  cold=False

[cell] input~4096 output=128
    warmup   27.21s  in=4105 bucket=4224 pad=119 cold=True
    run 1     13.83s  decode=12.6 tok/s  prefill=6278.5 ms  cold=False
    run 2     13.80s  decode=12.6 tok/s  prefill=6240.3 ms  cold=False
    run 3     13.73s  decode=12.6 tok/s  prefill=6167.3 ms  cold=False

=== 12/12 cells ok ===
exit=0
