decode gemma-4-e2b-qat-g6 n=16 rep=0: 1.446s
decode gemma-4-e2b-qat-g6 n=512 rep=0: 4.863s
decode gemma-4-e2b-qat-g6 n=16 rep=1: 0.159s
decode gemma-4-e2b-qat-g6 n=512 rep=1: 4.873s
decode gemma-4-e2b-qat-g6 n=16 rep=2: 0.16s
decode gemma-4-e2b-qat-g6 n=512 rep=2: 4.878s
decode gemma-4-e2b-qat-g6 n=16 rep=3: 0.159s
decode gemma-4-e2b-qat-g6 n=512 rep=3: 4.884s
decode gemma-4-e2b-qat-g6 n=16 rep=4: 0.16s
decode gemma-4-e2b-qat-g6 n=512 rep=4: 4.89s
load gemma-4-e2b-qat-g6 c=1 rep=0: 256 tok in 2.44s
load gemma-4-e2b-qat-g6 c=1 rep=1: 256 tok in 2.44s
load gemma-4-e2b-qat-g6 c=4 rep=0: 1024 tok in 2.49s
load gemma-4-e2b-qat-g6 c=4 rep=1: 1024 tok in 2.49s
load gemma-4-e2b-qat-g6 c=16 rep=0: 4096 tok in 2.76s
load gemma-4-e2b-qat-g6 c=16 rep=1: 4096 tok in 2.76s
quality mul-0
quality mul-1
quality mul-2
quality mul-3
quality mul-4
quality mul-5
quality mul-6
quality mul-7
quality mul-8
quality mul-9
quality mul-10
quality mul-11
quality mul-12
quality mul-13
quality mul-14
quality add-0
quality add-1
quality add-2
quality add-3
quality add-4
quality add-5
quality add-6
quality add-7
quality add-8
quality add-9
quality add-10
quality add-11
quality add-12
quality add-13
quality add-14
quality cap-Australia
quality cap-Canada
quality cap-Brazil
quality cap-Turkey
quality cap-Nigeria
quality cap-Switzerland
quality cap-Pakistan
quality cap-New Zealand
quality cap-Morocco
quality cap-Vietnam
wrote /opt/bench/measure-gemma-4-e2b-qat-g6.json
{
  "load_facts": {
    "vllm_version": "0.30.0",
    "weights_gib": "8.01",
    "load_seconds": "45.816665",
    "kv_cache_tokens": "873,318",
    "max_concurrency_at_max_len": "106.61",
    "quantization": "compressed-tensors"
  },
  "decode_tokens_per_second": 105.1,
  "per_call_fixed_cost_seconds": 0.008,
  "load_tokens_per_second": {
    "1": 104.85,
    "4": 410.85,
    "16": 1485.9
  },
  "server_peak": {
    "lines": 9,
    "peak_tokens_per_second": 409.6
  },
  "quality": "37/40"
}
