[2026-09-23T22:43:22+00:00] ready E2B after 170s
prompt check for google/gemma-4-E2B-it: DiffusionGemma prompt without the empty thought block (the model's own template has none)
autoregressive sst2: 50/300 (5s)
autoregressive sst2: 100/300 (5s)
autoregressive sst2: 150/300 (6s)
autoregressive sst2: 200/300 (6s)
autoregressive sst2: 250/300 (7s)
autoregressive sst2: 300/300 (7s)
autoregressive ag_news: 50/300 (1s)
autoregressive ag_news: 100/300 (1s)
autoregressive ag_news: 150/300 (2s)
autoregressive ag_news: 200/300 (3s)
autoregressive ag_news: 250/300 (3s)
autoregressive ag_news: 300/300 (4s)
autoregressive emotion: 50/300 (1s)
autoregressive emotion: 100/300 (1s)
autoregressive emotion: 150/300 (2s)
autoregressive emotion: 200/300 (2s)
autoregressive emotion: 250/300 (3s)
autoregressive emotion: 300/300 (3s)
autoregressive irony: 50/300 (1s)
autoregressive irony: 100/300 (1s)
autoregressive irony: 150/300 (2s)
autoregressive irony: 200/300 (2s)
autoregressive irony: 250/300 (3s)
autoregressive irony: 300/300 (3s)
prompt check for google/gemma-4-E2B-it: DiffusionGemma prompt without the empty thought block (the model's own template has none)
autoregressive sst2: 50/300 (1s)
autoregressive sst2: 100/300 (1s)
autoregressive sst2: 150/300 (2s)
autoregressive sst2: 200/300 (2s)
autoregressive sst2: 250/300 (3s)
autoregressive sst2: 300/300 (3s)
autoregressive ag_news: 50/300 (1s)
autoregressive ag_news: 100/300 (1s)
autoregressive ag_news: 150/300 (2s)
autoregressive ag_news: 200/300 (2s)
autoregressive ag_news: 250/300 (3s)
autoregressive ag_news: 300/300 (4s)
autoregressive emotion: 50/300 (1s)
autoregressive emotion: 100/300 (1s)
autoregressive emotion: 150/300 (2s)
autoregressive emotion: 200/300 (2s)
autoregressive emotion: 250/300 (3s)
autoregressive emotion: 300/300 (3s)
[2026-09-23T22:44:08+00:00] done E2B
