per_layer_token_embd.weight: 96.914884% exact
token_embd.weight: 96.760972% exact
blk.0.attn_k.weight: 96.706899% exact
blk.0.attn_output.weight: 96.692053% exact
blk.0.attn_q.weight: 96.712971% exact
blk.0.attn_v.weight: 96.737925% exact
blk.0.ffn_down.weight: 96.819517% exact
blk.0.ffn_gate.weight: 96.775638% exact
blk.0.ffn_up.weight: 96.730730% exact
blk.0.inp_gate.weight: 96.869405% exact
blk.0.proj.weight: 96.874746% exact
blk.1.attn_k.weight: 96.980540% exact
blk.1.attn_output.weight: 96.647422% exact
blk.1.attn_q.weight: 96.778011% exact
blk.1.attn_v.weight: 96.939596% exact
blk.1.ffn_down.weight: 96.811676% exact
blk.1.ffn_gate.weight: 96.782780% exact
blk.1.ffn_up.weight: 96.785831% exact
blk.1.inp_gate.weight: 96.953328% exact
blk.1.proj.weight: 96.762339% exact
blk.2.attn_k.weight: 96.783193% exact
blk.2.attn_output.weight: 96.701336% exact
blk.2.attn_q.weight: 96.701813% exact
blk.2.attn_v.weight: 96.705882% exact
blk.2.ffn_down.weight: 96.785100% exact
blk.2.ffn_gate.weight: 96.809377% exact
blk.2.ffn_up.weight: 96.773518% exact
blk.2.inp_gate.weight: 96.823883% exact
blk.2.proj.weight: 96.749878% exact
blk.3.attn_k.weight: 97.070821% exact
blk.3.attn_output.weight: 96.720282% exact
blk.3.attn_q.weight: 96.806272% exact
blk.3.attn_v.weight: 96.887207% exact
blk.3.ffn_down.weight: 96.777164% exact
blk.3.ffn_gate.weight: 96.821838% exact
blk.3.ffn_up.weight: 96.782536% exact
blk.3.inp_gate.weight: 96.758270% exact
blk.3.proj.weight: 97.028605% exact
blk.4.attn_k.weight: 96.938197% exact
blk.4.attn_output.weight: 96.771940% exact
blk.4.attn_q.weight: 96.869167% exact
blk.4.attn_v.weight: 96.761195% exact
blk.4.ffn_down.weight: 96.816222% exact
blk.4.ffn_gate.weight: 96.849781% exact
blk.4.ffn_up.weight: 96.821806% exact
blk.4.inp_gate.weight: 96.881866% exact
blk.4.proj.weight: 97.088114% exact
blk.5.attn_k.weight: 96.784465% exact
blk.5.attn_output.weight: 96.697013% exact
blk.5.attn_q.weight: 96.826299% exact
blk.5.attn_v.weight: 96.899923% exact
blk.5.ffn_down.weight: 96.826087% exact
blk.5.ffn_gate.weight: 96.786393% exact
blk.5.ffn_up.weight: 96.730031% exact
blk.5.inp_gate.weight: 96.855927% exact
blk.5.proj.weight: 96.966553% exact
blk.6.attn_k.weight: 96.835327% exact
blk.6.attn_output.weight: 96.685664% exact
blk.6.attn_q.weight: 96.767934% exact
blk.6.attn_v.weight: 96.727498% exact
blk.6.ffn_down.weight: 96.816783% exact
blk.6.ffn_gate.weight: 96.815501% exact
blk.6.ffn_up.weight: 96.868907% exact
blk.6.inp_gate.weight: 97.165934% exact
blk.6.proj.weight: 97.066498% exact
blk.7.attn_k.weight: 96.815236% exact
blk.7.attn_output.weight: 96.606064% exact
blk.7.attn_q.weight: 96.814887% exact
blk.7.attn_v.weight: 96.912130% exact
blk.7.ffn_down.weight: 96.886116% exact
blk.7.ffn_gate.weight: 96.771855% exact
blk.7.ffn_up.weight: 96.825059% exact
blk.7.inp_gate.weight: 97.159322% exact
blk.7.proj.weight: 96.927643% exact
blk.8.attn_k.weight: 96.887716% exact
blk.8.attn_output.weight: 96.669769% exact
blk.8.attn_q.weight: 96.795050% exact
blk.8.attn_v.weight: 96.906789% exact
blk.8.ffn_down.weight: 96.843614% exact
blk.8.ffn_gate.weight: 96.797350% exact
blk.8.ffn_up.weight: 96.853097% exact
blk.8.inp_gate.weight: 97.188568% exact
blk.8.proj.weight: 97.088623% exact
blk.9.attn_k.weight: 96.893565% exact
blk.9.attn_output.weight: 96.747732% exact
blk.9.attn_q.weight: 96.828238% exact
blk.9.attn_v.weight: 96.821467% exact
blk.9.ffn_down.weight: 96.879896% exact
blk.9.ffn_gate.weight: 96.745957% exact
blk.9.ffn_up.weight: 96.792157% exact
blk.9.inp_gate.weight: 97.309621% exact
blk.9.proj.weight: 96.844991% exact
blk.10.attn_k.weight: 97.049459% exact
blk.10.attn_output.weight: 96.696250% exact
blk.10.attn_q.weight: 96.800963% exact
blk.10.attn_v.weight: 96.768188% exact
blk.10.ffn_down.weight: 96.857664% exact
blk.10.ffn_gate.weight: 96.789000% exact
blk.10.ffn_up.weight: 96.814866% exact
blk.10.inp_gate.weight: 97.147115% exact
blk.10.proj.weight: 96.496328% exact
blk.11.attn_k.weight: 96.884664% exact
blk.11.attn_output.weight: 96.721141% exact
blk.11.attn_q.weight: 96.774737% exact
blk.11.attn_v.weight: 96.605428% exact
blk.11.ffn_down.weight: 96.873368% exact
blk.11.ffn_gate.weight: 96.834087% exact
blk.11.ffn_up.weight: 96.784941% exact
blk.11.inp_gate.weight: 97.002157% exact
blk.11.proj.weight: 97.033691% exact
blk.12.attn_k.weight: 96.863556% exact
blk.12.attn_output.weight: 96.752421% exact
blk.12.attn_q.weight: 96.858056% exact
blk.12.attn_v.weight: 96.636709% exact
blk.12.ffn_down.weight: 96.892357% exact
blk.12.ffn_gate.weight: 96.819941% exact
blk.12.ffn_up.weight: 96.830961% exact
blk.12.inp_gate.weight: 96.976471% exact
blk.12.proj.weight: 97.247569% exact
blk.13.attn_k.weight: 96.898142% exact
blk.13.attn_output.weight: 96.625360% exact
blk.13.attn_q.weight: 96.866830% exact
blk.13.attn_v.weight: 97.205098% exact
blk.13.ffn_down.weight: 96.932793% exact
blk.13.ffn_gate.weight: 96.776454% exact
blk.13.ffn_up.weight: 96.771971% exact
blk.13.inp_gate.weight: 97.323863% exact
blk.13.proj.weight: 97.132111% exact
blk.14.attn_k.weight: 96.860886% exact
blk.14.attn_output.weight: 96.759590% exact
blk.14.attn_q.weight: 96.837298% exact
blk.14.attn_v.weight: 97.092565% exact
blk.14.ffn_down.weight: 96.849897% exact
blk.14.ffn_gate.weight: 96.739515% exact
blk.14.ffn_up.weight: 96.722285% exact
blk.14.inp_gate.weight: 97.126516% exact
blk.14.proj.weight: 96.625773% exact
blk.15.attn_output.weight: 96.687508% exact
blk.15.attn_q.weight: 96.779823% exact
blk.15.ffn_down.weight: 96.807384% exact
blk.15.ffn_gate.weight: 96.756432% exact
blk.15.ffn_up.weight: 96.743827% exact
blk.15.inp_gate.weight: 97.177887% exact
blk.15.proj.weight: 96.570333% exact
blk.16.attn_output.weight: 96.743584% exact
blk.16.attn_q.weight: 96.762943% exact
blk.16.ffn_down.weight: 96.773656% exact
blk.16.ffn_gate.weight: 96.716457% exact
blk.16.ffn_up.weight: 96.718952% exact
blk.16.inp_gate.weight: 97.132111% exact
blk.16.proj.weight: 96.845500% exact
blk.17.attn_output.weight: 96.690814% exact
blk.17.attn_q.weight: 96.849537% exact
blk.17.ffn_down.weight: 96.737925% exact
blk.17.ffn_gate.weight: 96.711349% exact
blk.17.ffn_up.weight: 96.721999% exact
blk.17.inp_gate.weight: 97.236379% exact
blk.17.proj.weight: 96.822103% exact
blk.18.attn_output.weight: 96.669515% exact
blk.18.attn_q.weight: 96.769937% exact
blk.18.ffn_down.weight: 96.794240% exact
blk.18.ffn_gate.weight: 96.702735% exact
blk.18.ffn_up.weight: 96.758922% exact
blk.18.inp_gate.weight: 97.260793% exact
blk.18.proj.weight: 96.918996% exact
blk.19.attn_output.weight: 96.764072% exact
blk.19.attn_q.weight: 96.830050% exact
blk.19.ffn_down.weight: 96.796327% exact
blk.19.ffn_gate.weight: 96.774567% exact
blk.19.ffn_up.weight: 96.779299% exact
blk.19.inp_gate.weight: 97.109985% exact
blk.19.proj.weight: 96.825409% exact
blk.20.attn_output.weight: 96.667163% exact
blk.20.attn_q.weight: 96.767616% exact
blk.20.ffn_down.weight: 96.779516% exact
blk.20.ffn_gate.weight: 96.747139% exact
blk.20.ffn_up.weight: 96.770859% exact
blk.20.inp_gate.weight: 97.371419% exact
blk.20.proj.weight: 96.882375% exact
blk.21.attn_output.weight: 96.671009% exact
blk.21.attn_q.weight: 96.783002% exact
blk.21.ffn_down.weight: 96.757523% exact
blk.21.ffn_gate.weight: 96.724383% exact
blk.21.ffn_up.weight: 96.751451% exact
blk.21.inp_gate.weight: 97.256470% exact
blk.21.proj.weight: 96.770477% exact
blk.22.attn_output.weight: 96.621418% exact
blk.22.attn_q.weight: 96.795527% exact
blk.22.ffn_down.weight: 96.837526% exact
blk.22.ffn_gate.weight: 96.760972% exact
blk.22.ffn_up.weight: 96.676710% exact
blk.22.inp_gate.weight: 97.327423% exact
blk.22.proj.weight: 96.876017% exact
blk.23.attn_output.weight: 96.726036% exact
blk.23.attn_q.weight: 96.759160% exact
blk.23.ffn_down.weight: 96.879541% exact
blk.23.ffn_gate.weight: 96.789127% exact
blk.23.ffn_up.weight: 96.825065% exact
blk.23.inp_gate.weight: 97.280884% exact
blk.23.proj.weight: 96.855927% exact
blk.24.attn_output.weight: 96.813472% exact
blk.24.attn_q.weight: 96.854003% exact
blk.24.ffn_down.weight: 96.824556% exact
blk.24.ffn_gate.weight: 96.775394% exact
blk.24.ffn_up.weight: 96.792963% exact
blk.24.inp_gate.weight: 96.844482% exact
blk.24.proj.weight: 96.835073% exact
blk.25.attn_output.weight: 96.723874% exact
blk.25.attn_q.weight: 96.753979% exact
blk.25.ffn_down.weight: 96.793540% exact
blk.25.ffn_gate.weight: 96.737893% exact
blk.25.ffn_up.weight: 96.784385% exact
blk.25.inp_gate.weight: 96.763357% exact
blk.25.proj.weight: 96.943156% exact
blk.26.attn_output.weight: 96.668339% exact
blk.26.attn_q.weight: 96.752389% exact
blk.26.ffn_down.weight: 96.775124% exact
blk.26.ffn_gate.weight: 96.737814% exact
blk.26.ffn_up.weight: 96.721787% exact
blk.26.inp_gate.weight: 96.582794% exact
blk.26.proj.weight: 96.824900% exact
blk.27.attn_output.weight: 96.749528% exact
blk.27.attn_q.weight: 96.733411% exact
blk.27.ffn_down.weight: 96.757640% exact
blk.27.ffn_gate.weight: 96.698655% exact
blk.27.ffn_up.weight: 96.762864% exact
blk.27.inp_gate.weight: 96.657562% exact
blk.27.proj.weight: 96.999359% exact
blk.28.attn_output.weight: 96.719106% exact
blk.28.attn_q.weight: 96.760019% exact
blk.28.ffn_down.weight: 96.737756% exact
blk.28.ffn_gate.weight: 96.670643% exact
blk.28.ffn_up.weight: 96.730953% exact
blk.28.inp_gate.weight: 96.579742% exact
blk.28.proj.weight: 96.746572% exact
blk.29.attn_output.weight: 96.796783% exact
blk.29.attn_q.weight: 96.853320% exact
blk.29.ffn_down.weight: 96.717543% exact
blk.29.ffn_gate.weight: 96.758954% exact
blk.29.ffn_up.weight: 96.787172% exact
blk.29.inp_gate.weight: 96.887970% exact
blk.29.proj.weight: 97.012583% exact
blk.30.attn_output.weight: 96.681309% exact
blk.30.attn_q.weight: 96.774801% exact
blk.30.ffn_down.weight: 96.687232% exact
blk.30.ffn_gate.weight: 96.700414% exact
blk.30.ffn_up.weight: 96.774091% exact
blk.30.inp_gate.weight: 96.706899% exact
blk.30.proj.weight: 97.255452% exact
blk.31.attn_output.weight: 96.669992% exact
blk.31.attn_q.weight: 96.795686% exact
blk.31.ffn_down.weight: 96.763685% exact
blk.31.ffn_gate.weight: 96.654675% exact
blk.31.ffn_up.weight: 96.694485% exact
blk.31.inp_gate.weight: 96.724701% exact
blk.31.proj.weight: 97.437286% exact
blk.32.attn_output.weight: 96.701082% exact
blk.32.attn_q.weight: 96.808529% exact
blk.32.ffn_down.weight: 96.759102% exact
blk.32.ffn_gate.weight: 96.698014% exact
blk.32.ffn_up.weight: 96.798886% exact
blk.32.inp_gate.weight: 96.832530% exact
blk.32.proj.weight: 97.532654% exact
blk.33.attn_output.weight: 96.735160% exact
blk.33.attn_q.weight: 96.810500% exact
blk.33.ffn_down.weight: 96.681298% exact
blk.33.ffn_gate.weight: 96.676842% exact
blk.33.ffn_up.weight: 96.746545% exact
blk.33.inp_gate.weight: 96.867116% exact
blk.33.proj.weight: 96.838633% exact
blk.34.attn_output.weight: 96.838808% exact
blk.34.attn_q.weight: 96.873140% exact
blk.34.ffn_down.weight: 96.762429% exact
blk.34.ffn_gate.weight: 96.701214% exact
blk.34.ffn_up.weight: 96.809647% exact
blk.34.inp_gate.weight: 96.996816% exact
blk.34.proj.weight: 96.883138% exact
